ARM Linker, 5.03 [Build 76] [MDK-ARM Lite]

==============================================================================

Section Cross References

    arm_startup_nrf51.o(STACK) refers (Special) to heapauxi.o(.text) for __use_two_region_memory
    arm_startup_nrf51.o(HEAP) refers (Special) to heapauxi.o(.text) for __use_two_region_memory
    arm_startup_nrf51.o(RESET) refers (Special) to heapauxi.o(.text) for __use_two_region_memory
    arm_startup_nrf51.o(RESET) refers to arm_startup_nrf51.o(STACK) for __initial_sp
    arm_startup_nrf51.o(RESET) refers to arm_startup_nrf51.o(.text) for Reset_Handler
    arm_startup_nrf51.o(RESET) refers to app_timer.o(.text) for RTC1_IRQHandler
    arm_startup_nrf51.o(RESET) refers to ble_radio_notification.o(.text) for SWI1_IRQHandler
    arm_startup_nrf51.o(RESET) refers to ble_stack_handler.o(.text) for SWI2_IRQHandler
    arm_startup_nrf51.o(.text) refers (Special) to heapauxi.o(.text) for __use_two_region_memory
    arm_startup_nrf51.o(.text) refers to system_nrf51.o(.text) for SystemInit
    arm_startup_nrf51.o(.text) refers to __main.o(!!!main) for __main
    arm_startup_nrf51.o(.text) refers to arm_startup_nrf51.o(HEAP) for Heap_Mem
    arm_startup_nrf51.o(.text) refers to arm_startup_nrf51.o(STACK) for Stack_Mem
    system_nrf51.o(.text) refers to system_nrf51.o(i.__ARM_common_switch8) for __ARM_common_switch8
    system_nrf51.o(.text) refers to system_nrf51.o(.data) for SystemCoreClock
    main.o(.text) refers to ble_sensorsim.o(.text) for ble_sensorsim_measure
    main.o(.text) refers to ble_bas.o(.text) for ble_bas_battery_level_update
    main.o(.text) refers to ble_hrs.o(.text) for ble_hrs_heart_rate_measurement_send
    main.o(.text) refers to aeabi_sdiv.o(.text) for __aeabi_uidivmod
    main.o(.text) refers to app_timer.o(.text) for app_timer_init
    main.o(.text) refers to rt_memclr.o(.text) for __aeabi_memclr4
    main.o(.text) refers to ble_advdata.o(.text) for ble_advdata_set
    main.o(.text) refers to main.o(.bss) for m_battery_sim_cfg
    main.o(.text) refers to main.o(.data) for m_battery_sim_state
    main.o(.text) refers to main.o(.constdata) for .constdata
    main.o(.text) refers to ble_srv_common.o(.text) for ble_srv_ascii_to_utf8
    main.o(.text) refers to ble_dis.o(.text) for ble_dis_init
    main.o(.text) refers to ble_conn_params.o(.text) for ble_conn_params_init
    main.o(.text) refers to ble_bondmngr.o(.text) for ble_bondmngr_bonded_masters_store
    main.o(.text) refers to ble_stack_handler.o(.text) for ble_stack_handler_init
    main.o(.text) refers to ble_radio_notification.o(.text) for ble_radio_notification_init
    main.o(.text) refers to ble_error_log.o(.text) for ble_error_log_init
    main.o(.text) refers to ble_flash.o(.text) for ble_flash_on_radio_active_evt
    ble_dis.o(.text) refers to main.o(.text) for app_error_handler
    ble_dis.o(.text) refers to rt_memclr.o(.text) for __aeabi_memclr4
    ble_dis.o(.text) refers to ble_dis.o(.data) for service_handle
    ble_bas.o(.text) refers to rt_memclr.o(.text) for __aeabi_memclr4
    ble_bas.o(.text) refers to ble_srv_common.o(.text) for ble_srv_report_ref_encode
    ble_hrs.o(.text) refers to rt_memmove.o(.text) for __aeabi_memmove
    ble_hrs.o(.text) refers to rt_memclr.o(.text) for __aeabi_memclr4
    ble_error_log.o(.text) refers to rt_memcpy.o(.emb_text) for __aeabi_memcpy4
    ble_error_log.o(.text) refers to strncpy.o(.text) for strncpy
    ble_error_log.o(.text) refers to aeabi_sdiv.o(.text) for __aeabi_uidivmod
    ble_error_log.o(.text) refers to ble_flash.o(.text) for ble_flash_page_write
    ble_error_log.o(.text) refers to main.o(.text) for app_error_handler
    ble_error_log.o(.text) refers to arm_startup_nrf51.o(RESET) for __Vectors
    ble_error_log.o(.text) refers to ble_error_log.o(.bss) for m_ble_error_log
    ble_error_log.o(.text) refers to ble_error_log.o(.data) for m_ble_log_clear_flag
    ble_advdata.o(.text) refers to rt_memcpy.o(.text) for __aeabi_memcpy
    ble_srv_common.o(.text) refers to main.o(.text) for app_error_handler
    ble_srv_common.o(.text) refers to strlen.o(.text) for strlen
    app_timer.o(.text) refers to app_timer.o(.emb_text) for __asm___11_app_timer_c_cd27f9c3__nrf_delay_us
    app_timer.o(.text) refers to main.o(.text) for app_error_handler
    app_timer.o(.text) refers to app_timer.o(.data) for mp_nodes
    ble_stack_handler.o(.text) refers to main.o(.text) for assert_nrf_callback
    ble_stack_handler.o(.text) refers to ble_stack_handler.o(.data) for m_evt_buffer
    ble_conn_params.o(.text) refers to rt_memcpy.o(.emb_text) for __aeabi_memcpy4
    ble_conn_params.o(.text) refers to rt_memcpy.o(.text) for __aeabi_memcpy
    ble_conn_params.o(.text) refers to app_timer.o(.text) for app_timer_create
    ble_conn_params.o(.text) refers to ble_conn_params.o(.data) for m_preferred_conn_params
    ble_conn_params.o(.text) refers to ble_conn_params.o(.bss) for m_conn_params_config
    ble_bondmngr.o(.text) refers to aeabi_sdiv.o(.text) for __aeabi_uidivmod
    ble_bondmngr.o(.text) refers to ble_flash.o(.text) for ble_flash_crc16_compute
    ble_bondmngr.o(.text) refers to rt_memcpy.o(.emb_text) for __aeabi_memcpy4
    ble_bondmngr.o(.text) refers to ble_bondmngr.o(.data) for m_bond_info_in_flash_count
    ble_bondmngr.o(.text) refers to ble_bondmngr.o(.bss) for m_bondmngr_config
    ble_bondmngr.o(.text) refers to rt_memcpy.o(.text) for __aeabi_memcpy
    ble_bondmngr.o(.text) refers to memcmp.o(.text) for memcmp
    ble_bondmngr.o(.text) refers to rt_memclr.o(.text) for __aeabi_memclr4
    ble_flash.o(.text) refers to rt_memcpy.o(.emb_text) for __aeabi_memcpy4
    ble_flash.o(.text) refers to ble_flash.o(.data) for m_radio_active
    ble_radio_notification.o(.text) refers to ble_radio_notification.o(.data) for m_radio_active
    ble_debug_assert_handler.o(.text) refers to strncpy.o(.text) for strncpy
    ble_debug_assert_handler.o(.text) refers to ble_error_log.o(.text) for ble_error_log_write
    ble_debug_assert_handler.o(.text) refers to ble_debug_assert_handler.o(.bss) for s_file_name
    ble_debug_assert_handler.o(.text) refers to ble_debug_assert_handler.o(.data) for s_line_num
    rt_memcpy.o(.text) refers to rt_memcpy.o(.emb_text) for __aeabi_memcpy4
    rt_memmove.o(.text) refers to rt_memcpy.o(.emb_text) for __aeabi_memcpy4
    rt_memmove.o(.text) refers to rt_memcpy.o(.text) for __aeabi_memcpy
    strncpy.o(.text) refers to rt_memclr.o(.text) for __rt_memclr
    __main.o(!!!main) refers to rtentry.o(.ARM.Collect$$rtentry$$00000000) for __rt_entry
    rtentry.o(.ARM.Collect$$rtentry$$00000000) refers (Special) to rtentry2.o(.ARM.Collect$$rtentry$$0000000A) for __rt_entry_li
    rtentry.o(.ARM.Collect$$rtentry$$00000000) refers (Special) to rtentry2.o(.ARM.Collect$$rtentry$$0000000D) for __rt_entry_main
    rtentry.o(.ARM.Collect$$rtentry$$00000000) refers (Special) to rtentry2.o(.ARM.Collect$$rtentry$$0000000C) for __rt_entry_postli_1
    rtentry.o(.ARM.Collect$$rtentry$$00000000) refers (Special) to rtentry2.o(.ARM.Collect$$rtentry$$00000009) for __rt_entry_postsh_1
    rtentry.o(.ARM.Collect$$rtentry$$00000000) refers (Special) to rtentry2.o(.ARM.Collect$$rtentry$$00000002) for __rt_entry_presh_1
    rtentry.o(.ARM.Collect$$rtentry$$00000000) refers (Special) to rtentry4.o(.ARM.Collect$$rtentry$$00000004) for __rt_entry_sh
    aeabi_idiv0_sigfpe.o(.text) refers to rt_div0.o(.text) for __rt_div0
    rtentry2.o(.ARM.Collect$$rtentry$$00000008) refers to boardinit2.o(.text) for _platform_post_stackheap_init
    rtentry2.o(.ARM.Collect$$rtentry$$0000000A) refers to libinit.o(.ARM.Collect$$libinit$$00000000) for __rt_lib_init
    rtentry2.o(.ARM.Collect$$rtentry$$0000000B) refers to boardinit3.o(.text) for _platform_post_lib_init
    rtentry2.o(.ARM.Collect$$rtentry$$0000000D) refers to main.o(.text) for main
    rtentry2.o(.ARM.Collect$$rtentry$$0000000D) refers to exit.o(.text) for exit
    rtentry2.o(.ARM.exidx) refers to rtentry2.o(.ARM.Collect$$rtentry$$00000001) for .ARM.Collect$$rtentry$$00000001
    rtentry2.o(.ARM.exidx) refers to rtentry2.o(.ARM.Collect$$rtentry$$00000008) for .ARM.Collect$$rtentry$$00000008
    rtentry2.o(.ARM.exidx) refers to rtentry2.o(.ARM.Collect$$rtentry$$0000000A) for .ARM.Collect$$rtentry$$0000000A
    rtentry2.o(.ARM.exidx) refers to rtentry2.o(.ARM.Collect$$rtentry$$0000000B) for .ARM.Collect$$rtentry$$0000000B
    rtentry2.o(.ARM.exidx) refers to rtentry2.o(.ARM.Collect$$rtentry$$0000000D) for .ARM.Collect$$rtentry$$0000000D
    rtentry4.o(.ARM.Collect$$rtentry$$00000004) refers to sys_stackheap_outer.o(.text) for __user_setup_stackheap
    rtentry4.o(.ARM.exidx) refers to rtentry4.o(.ARM.Collect$$rtentry$$00000004) for .ARM.Collect$$rtentry$$00000004
    rt_div0.o(.text) refers to defsig_fpe_outer.o(.text) for __rt_SIGFPE
    sys_stackheap_outer.o(.text) refers to libspace.o(.text) for __user_perproc_libspace
    sys_stackheap_outer.o(.text) refers to arm_startup_nrf51.o(.text) for __user_initial_stackheap
    sys_stackheap_outer.o(__vectab_stack_and_reset_area) refers to tempstk.o(.text) for __temporary_stack_top
    sys_stackheap_outer.o(__vectab_stack_and_reset_area) refers to __main.o(!!!main) for __main
    exit.o(.text) refers to rtexit.o(.ARM.Collect$$rtexit$$00000000) for __rt_exit
    defsig_fpe_outer.o(.text) refers to defsig_fpe_inner.o(.text) for __rt_SIGFPE_inner
    defsig_fpe_outer.o(.text) refers to defsig_exit.o(.text) for __sig_exit
    defsig_fpe_formal.o(.text) refers to rt_raise.o(.text) for __rt_raise
    libinit.o(.ARM.Collect$$libinit$$00000000) refers (Special) to libinit2.o(.ARM.Collect$$libinit$$0000002C) for __rt_lib_init_alloca_1
    libinit.o(.ARM.Collect$$libinit$$00000000) refers (Special) to libinit2.o(.ARM.Collect$$libinit$$0000002A) for __rt_lib_init_argv_1
    libinit.o(.ARM.Collect$$libinit$$00000000) refers (Special) to libinit2.o(.ARM.Collect$$libinit$$00000019) for __rt_lib_init_atexit_1
    libinit.o(.ARM.Collect$$libinit$$00000000) refers (Special) to libinit2.o(.ARM.Collect$$libinit$$0000001F) for __rt_lib_init_clock_1
    libinit.o(.ARM.Collect$$libinit$$00000000) refers (Special) to libinit2.o(.ARM.Collect$$libinit$$00000030) for __rt_lib_init_cpp_1
    libinit.o(.ARM.Collect$$libinit$$00000000) refers (Special) to libinit2.o(.ARM.Collect$$libinit$$0000002E) for __rt_lib_init_exceptions_1
    libinit.o(.ARM.Collect$$libinit$$00000000) refers (Special) to libinit2.o(.ARM.Collect$$libinit$$00000001) for __rt_lib_init_fp_1
    libinit.o(.ARM.Collect$$libinit$$00000000) refers (Special) to libinit2.o(.ARM.Collect$$libinit$$0000001D) for __rt_lib_init_fp_trap_1
    libinit.o(.ARM.Collect$$libinit$$00000000) refers (Special) to libinit2.o(.ARM.Collect$$libinit$$00000021) for __rt_lib_init_getenv_1
    libinit.o(.ARM.Collect$$libinit$$00000000) refers (Special) to libinit2.o(.ARM.Collect$$libinit$$00000008) for __rt_lib_init_heap_1
    libinit.o(.ARM.Collect$$libinit$$00000000) refers (Special) to libinit2.o(.ARM.Collect$$libinit$$0000000F) for __rt_lib_init_lc_collate_1
    libinit.o(.ARM.Collect$$libinit$$00000000) refers (Special) to libinit2.o(.ARM.Collect$$libinit$$00000011) for __rt_lib_init_lc_ctype_1
    libinit.o(.ARM.Collect$$libinit$$00000000) refers (Special) to libinit2.o(.ARM.Collect$$libinit$$00000013) for __rt_lib_init_lc_monetary_1
    libinit.o(.ARM.Collect$$libinit$$00000000) refers (Special) to libinit2.o(.ARM.Collect$$libinit$$00000015) for __rt_lib_init_lc_numeric_1
    libinit.o(.ARM.Collect$$libinit$$00000000) refers (Special) to libinit2.o(.ARM.Collect$$libinit$$00000017) for __rt_lib_init_lc_time_1
    libinit.o(.ARM.Collect$$libinit$$00000000) refers (Special) to libinit2.o(.ARM.Collect$$libinit$$0000000C) for __rt_lib_init_rand_1
    libinit.o(.ARM.Collect$$libinit$$00000000) refers (Special) to libinit2.o(.ARM.Collect$$libinit$$00000031) for __rt_lib_init_return
    libinit.o(.ARM.Collect$$libinit$$00000000) refers (Special) to libinit2.o(.ARM.Collect$$libinit$$0000001B) for __rt_lib_init_signal_1
    libinit.o(.ARM.Collect$$libinit$$00000000) refers (Special) to libinit2.o(.ARM.Collect$$libinit$$00000023) for __rt_lib_init_stdio_1
    libinit.o(.ARM.Collect$$libinit$$00000000) refers (Special) to libinit2.o(.ARM.Collect$$libinit$$0000000A) for __rt_lib_init_user_alloc_1
    libspace.o(.text) refers to libspace.o(.bss) for __libspace_start
    rtexit.o(.ARM.Collect$$rtexit$$00000000) refers (Special) to rtexit2.o(.ARM.Collect$$rtexit$$00000004) for __rt_exit_exit
    rtexit.o(.ARM.Collect$$rtexit$$00000000) refers (Special) to rtexit2.o(.ARM.Collect$$rtexit$$00000003) for __rt_exit_ls
    rtexit.o(.ARM.Collect$$rtexit$$00000000) refers (Special) to rtexit2.o(.ARM.Collect$$rtexit$$00000002) for __rt_exit_prels_1
    rtexit.o(.ARM.exidx) refers (Special) to rtexit2.o(.ARM.Collect$$rtexit$$00000004) for __rt_exit_exit
    rtexit.o(.ARM.exidx) refers (Special) to rtexit2.o(.ARM.Collect$$rtexit$$00000003) for __rt_exit_ls
    rtexit.o(.ARM.exidx) refers (Special) to rtexit2.o(.ARM.Collect$$rtexit$$00000002) for __rt_exit_prels_1
    rtexit.o(.ARM.exidx) refers to rtexit.o(.ARM.Collect$$rtexit$$00000000) for .ARM.Collect$$rtexit$$00000000
    rt_raise.o(.text) refers to __raise.o(.text) for __raise
    rt_raise.o(.text) refers to sys_exit.o(.text) for _sys_exit
    defsig_exit.o(.text) refers to sys_exit.o(.text) for _sys_exit
    defsig_fpe_inner.o(.text) refers to defsig_general.o(.text) for __default_signal_display
    libinit2.o(.ARM.Collect$$libinit$$0000000E) refers to libinit2.o(.ARM.Collect$$libinit$$0000000D) for .ARM.Collect$$libinit$$0000000D
    libinit2.o(.ARM.Collect$$libinit$$00000010) refers to libinit2.o(.ARM.Collect$$libinit$$0000000D) for .ARM.Collect$$libinit$$0000000D
    libinit2.o(.ARM.Collect$$libinit$$00000012) refers to libinit2.o(.ARM.Collect$$libinit$$0000000D) for .ARM.Collect$$libinit$$0000000D
    libinit2.o(.ARM.Collect$$libinit$$00000014) refers to libinit2.o(.ARM.Collect$$libinit$$0000000D) for .ARM.Collect$$libinit$$0000000D
    libinit2.o(.ARM.Collect$$libinit$$00000016) refers to libinit2.o(.ARM.Collect$$libinit$$0000000D) for .ARM.Collect$$libinit$$0000000D
    libinit2.o(.ARM.Collect$$libinit$$00000024) refers to argv_veneer.o(.text) for __ARM_argv_veneer
    libinit2.o(.ARM.Collect$$libinit$$00000025) refers to argv_veneer.o(.text) for __ARM_argv_veneer
    sys_exit.o(.text) refers (Special) to use_no_semi.o(.text) for __I$use$semihosting
    sys_exit.o(.text) refers (Special) to indicate_semi.o(.text) for __semihosting_library_function
    rtexit2.o(.ARM.Collect$$rtexit$$00000003) refers to libshutdown.o(.ARM.Collect$$libshutdown$$00000000) for __rt_lib_shutdown
    rtexit2.o(.ARM.Collect$$rtexit$$00000004) refers to sys_exit.o(.text) for _sys_exit
    rtexit2.o(.ARM.exidx) refers to rtexit2.o(.ARM.Collect$$rtexit$$00000001) for .ARM.Collect$$rtexit$$00000001
    rtexit2.o(.ARM.exidx) refers to rtexit2.o(.ARM.Collect$$rtexit$$00000003) for .ARM.Collect$$rtexit$$00000003
    rtexit2.o(.ARM.exidx) refers to rtexit2.o(.ARM.Collect$$rtexit$$00000004) for .ARM.Collect$$rtexit$$00000004
    __raise.o(.text) refers to defsig.o(CL$$defsig) for __default_signal_handler
    defsig_general.o(.text) refers to sys_wrch.o(.text) for _ttywrch
    sys_wrch.o(.text) refers (Special) to use_no_semi.o(.text) for __I$use$semihosting
    sys_wrch.o(.text) refers (Special) to indicate_semi.o(.text) for __semihosting_library_function
    defsig.o(CL$$defsig) refers to defsig_fpe_inner.o(.text) for __rt_SIGFPE_inner
    defsig.o(CL$$defsig) refers to defsig_rtmem_inner.o(.text) for __rt_SIGRTMEM_inner
    _get_argv_nomalloc.o(.text) refers (Special) to hrguard.o(.text) for __heap_region$guard
    _get_argv_nomalloc.o(.text) refers to defsig_rtmem_outer.o(.text) for __rt_SIGRTMEM
    _get_argv_nomalloc.o(.text) refers to sys_command.o(.text) for _sys_command_string
    libshutdown.o(.ARM.Collect$$libshutdown$$00000000) refers (Special) to libshutdown2.o(.ARM.Collect$$libshutdown$$00000006) for __rt_lib_shutdown_fp_trap_1
    libshutdown.o(.ARM.Collect$$libshutdown$$00000000) refers (Special) to libshutdown2.o(.ARM.Collect$$libshutdown$$0000000E) for __rt_lib_shutdown_heap_1
    libshutdown.o(.ARM.Collect$$libshutdown$$00000000) refers (Special) to libshutdown2.o(.ARM.Collect$$libshutdown$$0000000F) for __rt_lib_shutdown_return
    libshutdown.o(.ARM.Collect$$libshutdown$$00000000) refers (Special) to libshutdown2.o(.ARM.Collect$$libshutdown$$00000009) for __rt_lib_shutdown_signal_1
    libshutdown.o(.ARM.Collect$$libshutdown$$00000000) refers (Special) to libshutdown2.o(.ARM.Collect$$libshutdown$$00000003) for __rt_lib_shutdown_stdio_1
    libshutdown.o(.ARM.Collect$$libshutdown$$00000000) refers (Special) to libshutdown2.o(.ARM.Collect$$libshutdown$$0000000B) for __rt_lib_shutdown_user_alloc_1
    sys_command.o(.text) refers (Special) to use_no_semi.o(.text) for __I$use$semihosting
    sys_command.o(.text) refers (Special) to indicate_semi.o(.text) for __semihosting_library_function
    defsig_abrt_inner.o(.text) refers to defsig_general.o(.text) for __default_signal_display
    defsig_rtred_inner.o(.text) refers to defsig_general.o(.text) for __default_signal_display
    defsig_rtmem_inner.o(.text) refers to defsig_general.o(.text) for __default_signal_display
    defsig_rtmem_outer.o(.text) refers to defsig_rtmem_inner.o(.text) for __rt_SIGRTMEM_inner
    defsig_rtmem_outer.o(.text) refers to defsig_exit.o(.text) for __sig_exit
    defsig_rtmem_formal.o(.text) refers to rt_raise.o(.text) for __rt_raise
    defsig_stak_inner.o(.text) refers to defsig_general.o(.text) for __default_signal_display
    defsig_pvfn_inner.o(.text) refers to defsig_general.o(.text) for __default_signal_display
    defsig_cppl_inner.o(.text) refers to defsig_general.o(.text) for __default_signal_display
    defsig_segv_inner.o(.text) refers to defsig_general.o(.text) for __default_signal_display
    defsig_other.o(.text) refers to defsig_general.o(.text) for __default_signal_display


==============================================================================

Removing Unused input sections from the image.

    Removing system_nrf51.o(.rev16_text), (4 bytes).
    Removing system_nrf51.o(.revsh_text), (4 bytes).
    Removing main.o(.rev16_text), (4 bytes).
    Removing main.o(.revsh_text), (4 bytes).
    Removing ble_dis.o(.rev16_text), (4 bytes).
    Removing ble_dis.o(.revsh_text), (4 bytes).
    Removing ble_bas.o(.rev16_text), (4 bytes).
    Removing ble_bas.o(.revsh_text), (4 bytes).
    Removing ble_hrs.o(.rev16_text), (4 bytes).
    Removing ble_hrs.o(.revsh_text), (4 bytes).
    Removing ble_error_log.o(.rev16_text), (4 bytes).
    Removing ble_error_log.o(.revsh_text), (4 bytes).
    Removing ble_advdata.o(.rev16_text), (4 bytes).
    Removing ble_advdata.o(.revsh_text), (4 bytes).
    Removing ble_srv_common.o(.rev16_text), (4 bytes).
    Removing ble_srv_common.o(.revsh_text), (4 bytes).
    Removing app_timer.o(.rev16_text), (4 bytes).
    Removing app_timer.o(.revsh_text), (4 bytes).
    Removing ble_stack_handler.o(.rev16_text), (4 bytes).
    Removing ble_stack_handler.o(.revsh_text), (4 bytes).
    Removing ble_conn_params.o(.rev16_text), (4 bytes).
    Removing ble_conn_params.o(.revsh_text), (4 bytes).
    Removing ble_bondmngr.o(.rev16_text), (4 bytes).
    Removing ble_bondmngr.o(.revsh_text), (4 bytes).
    Removing ble_flash.o(.rev16_text), (4 bytes).
    Removing ble_flash.o(.revsh_text), (4 bytes).
    Removing ble_radio_notification.o(.rev16_text), (4 bytes).
    Removing ble_radio_notification.o(.revsh_text), (4 bytes).
    Removing ble_debug_assert_handler.o(.rev16_text), (4 bytes).
    Removing ble_debug_assert_handler.o(.revsh_text), (4 bytes).
    Removing ble_debug_assert_handler.o(.text), (68 bytes).
    Removing ble_debug_assert_handler.o(.bss), (128 bytes).
    Removing ble_debug_assert_handler.o(.data), (8 bytes).

33 unused section(s) (total 324 bytes) removed from the image.

==============================================================================

Image Symbol Table

    Local Symbols

    Symbol Name                              Value     Ov Type        Size  Object(Section)

    ../clib/angel/boardlib.s                 0x00000000   Number         0  boardinit1.o ABSOLUTE
    ../clib/angel/boardlib.s                 0x00000000   Number         0  boardinit2.o ABSOLUTE
    ../clib/angel/boardlib.s                 0x00000000   Number         0  boardinit3.o ABSOLUTE
    ../clib/angel/boardlib.s                 0x00000000   Number         0  boardshut.o ABSOLUTE
    ../clib/angel/handlers.s                 0x00000000   Number         0  __scatter_zi.o ABSOLUTE
    ../clib/angel/handlers.s                 0x00000000   Number         0  __scatter_copy.o ABSOLUTE
    ../clib/angel/kernel.s                   0x00000000   Number         0  rtentry2.o ABSOLUTE
    ../clib/angel/kernel.s                   0x00000000   Number         0  rtexit.o ABSOLUTE
    ../clib/angel/kernel.s                   0x00000000   Number         0  rtentry.o ABSOLUTE
    ../clib/angel/kernel.s                   0x00000000   Number         0  rtexit2.o ABSOLUTE
    ../clib/angel/kernel.s                   0x00000000   Number         0  rtentry4.o ABSOLUTE
    ../clib/angel/rt.s                       0x00000000   Number         0  rt_raise.o ABSOLUTE
    ../clib/angel/rt.s                       0x00000000   Number         0  aeabi_idiv0.o ABSOLUTE
    ../clib/angel/rt.s                       0x00000000   Number         0  aeabi_idiv0_sigfpe.o ABSOLUTE
    ../clib/angel/rt.s                       0x00000000   Number         0  rt_div0.o ABSOLUTE
    ../clib/angel/scatterp.s                 0x00000000   Number         0  __scatter.o ABSOLUTE
    ../clib/angel/startup.s                  0x00000000   Number         0  __main.o ABSOLUTE
    ../clib/angel/sys.s                      0x00000000   Number         0  use_no_semi.o ABSOLUTE
    ../clib/angel/sys.s                      0x00000000   Number         0  libspace.o ABSOLUTE
    ../clib/angel/sys.s                      0x00000000   Number         0  tempstk.o ABSOLUTE
    ../clib/angel/sys.s                      0x00000000   Number         0  sys_stackheap_outer.o ABSOLUTE
    ../clib/angel/sys.s                      0x00000000   Number         0  indicate_semi.o ABSOLUTE
    ../clib/angel/sysapp.c                   0x00000000   Number         0  sys_command.o ABSOLUTE
    ../clib/angel/sysapp.c                   0x00000000   Number         0  sys_wrch.o ABSOLUTE
    ../clib/angel/sysapp.c                   0x00000000   Number         0  sys_exit.o ABSOLUTE
    ../clib/armsys.c                         0x00000000   Number         0  _get_argv_nomalloc.o ABSOLUTE
    ../clib/armsys.c                         0x00000000   Number         0  no_argv.o ABSOLUTE
    ../clib/armsys.c                         0x00000000   Number         0  argv_veneer.o ABSOLUTE
    ../clib/division.s                       0x00000000   Number         0  aeabi_sdiv.o ABSOLUTE
    ../clib/division.s                       0x00000000   Number         0  aeabi_sdiv_div0.o ABSOLUTE
    ../clib/heapalloc.c                      0x00000000   Number         0  hrguard.o ABSOLUTE
    ../clib/heapaux.c                        0x00000000   Number         0  heapauxi.o ABSOLUTE
    ../clib/libinit.s                        0x00000000   Number         0  libinit.o ABSOLUTE
    ../clib/libinit.s                        0x00000000   Number         0  libshutdown.o ABSOLUTE
    ../clib/libinit.s                        0x00000000   Number         0  libinit2.o ABSOLUTE
    ../clib/libinit.s                        0x00000000   Number         0  libshutdown2.o ABSOLUTE
    ../clib/memcpset.c                       0x00000000   Number         0  rt_memcpy.o ABSOLUTE
    ../clib/memcpset.c                       0x00000000   Number         0  rt_memcpy.o ABSOLUTE
    ../clib/memcpset.c                       0x00000000   Number         0  rt_memmove.o ABSOLUTE
    ../clib/memcpset.c                       0x00000000   Number         0  rt_memclr.o ABSOLUTE
    ../clib/signal.c                         0x00000000   Number         0  defsig_cppl_inner.o ABSOLUTE
    ../clib/signal.c                         0x00000000   Number         0  defsig_pvfn_inner.o ABSOLUTE
    ../clib/signal.c                         0x00000000   Number         0  defsig_fpe_formal.o ABSOLUTE
    ../clib/signal.c                         0x00000000   Number         0  defsig_rtmem_inner.o ABSOLUTE
    ../clib/signal.c                         0x00000000   Number         0  defsig_exit.o ABSOLUTE
    ../clib/signal.c                         0x00000000   Number         0  defsig_fpe_inner.o ABSOLUTE
    ../clib/signal.c                         0x00000000   Number         0  defsig_fpe_outer.o ABSOLUTE
    ../clib/signal.c                         0x00000000   Number         0  defsig_abrt_inner.o ABSOLUTE
    ../clib/signal.c                         0x00000000   Number         0  defsig_rtred_inner.o ABSOLUTE
    ../clib/signal.c                         0x00000000   Number         0  defsig_rtmem_outer.o ABSOLUTE
    ../clib/signal.c                         0x00000000   Number         0  defsig_general.o ABSOLUTE
    ../clib/signal.c                         0x00000000   Number         0  defsig_stak_inner.o ABSOLUTE
    ../clib/signal.c                         0x00000000   Number         0  defsig_rtmem_formal.o ABSOLUTE
    ../clib/signal.c                         0x00000000   Number         0  __raise.o ABSOLUTE
    ../clib/signal.c                         0x00000000   Number         0  defsig_other.o ABSOLUTE
    ../clib/signal.c                         0x00000000   Number         0  defsig_segv_inner.o ABSOLUTE
    ../clib/signal.s                         0x00000000   Number         0  defsig.o ABSOLUTE
    ../clib/stdlib.c                         0x00000000   Number         0  exit.o ABSOLUTE
    ../clib/string.c                         0x00000000   Number         0  strlen.o ABSOLUTE
    ../clib/string.c                         0x00000000   Number         0  strncpy.o ABSOLUTE
    ../clib/string.c                         0x00000000   Number         0  memcmp.o ABSOLUTE
    ../fplib/cfplib/fpinit.c                 0x00000000   Number         0  fpinit.o ABSOLUTE
    ..\..\..\..\..\Source\app_common\app_timer.c 0x00000000   Number         0  app_timer.o ABSOLUTE
    ..\..\..\..\..\Source\ble\ble_advdata.c  0x00000000   Number         0  ble_advdata.o ABSOLUTE
    ..\..\..\..\..\Source\ble\ble_bondmngr.c 0x00000000   Number         0  ble_bondmngr.o ABSOLUTE
    ..\..\..\..\..\Source\ble\ble_conn_params.c 0x00000000   Number         0  ble_conn_params.o ABSOLUTE
    ..\..\..\..\..\Source\ble\ble_debug_assert_handler.c 0x00000000   Number         0  ble_debug_assert_handler.o ABSOLUTE
    ..\..\..\..\..\Source\ble\ble_error_log.c 0x00000000   Number         0  ble_error_log.o ABSOLUTE
    ..\..\..\..\..\Source\ble\ble_flash.c    0x00000000   Number         0  ble_flash.o ABSOLUTE
    ..\..\..\..\..\Source\ble\ble_radio_notification.c 0x00000000   Number         0  ble_radio_notification.o ABSOLUTE
    ..\..\..\..\..\Source\ble\ble_sensorsim.c 0x00000000   Number         0  ble_sensorsim.o ABSOLUTE
    ..\..\..\..\..\Source\ble\ble_services\ble_bas.c 0x00000000   Number         0  ble_bas.o ABSOLUTE
    ..\..\..\..\..\Source\ble\ble_services\ble_dis.c 0x00000000   Number         0  ble_dis.o ABSOLUTE
    ..\..\..\..\..\Source\ble\ble_services\ble_hrs.c 0x00000000   Number         0  ble_hrs.o ABSOLUTE
    ..\..\..\..\..\Source\ble\ble_services\ble_srv_common.c 0x00000000   Number         0  ble_srv_common.o ABSOLUTE
    ..\..\..\..\..\Source\ble\ble_stack_handler.c 0x00000000   Number         0  ble_stack_handler.o ABSOLUTE
    ..\..\..\..\..\Source\templates\arm\arm_startup_nrf51.s 0x00000000   Number         0  arm_startup_nrf51.o ABSOLUTE
    ..\..\..\..\..\Source\templates\system_nrf51.c 0x00000000   Number         0  system_nrf51.o ABSOLUTE
    ..\\..\\..\\..\\..\\Source\\app_common\\app_timer.c 0x00000000   Number         0  app_timer.o ABSOLUTE
    ..\\..\\..\\..\\..\\Source\\ble\\ble_advdata.c 0x00000000   Number         0  ble_advdata.o ABSOLUTE
    ..\\..\\..\\..\\..\\Source\\ble\\ble_bondmngr.c 0x00000000   Number         0  ble_bondmngr.o ABSOLUTE
    ..\\..\\..\\..\\..\\Source\\ble\\ble_conn_params.c 0x00000000   Number         0  ble_conn_params.o ABSOLUTE
    ..\\..\\..\\..\\..\\Source\\ble\\ble_debug_assert_handler.c 0x00000000   Number         0  ble_debug_assert_handler.o ABSOLUTE
    ..\\..\\..\\..\\..\\Source\\ble\\ble_error_log.c 0x00000000   Number         0  ble_error_log.o ABSOLUTE
    ..\\..\\..\\..\\..\\Source\\ble\\ble_flash.c 0x00000000   Number         0  ble_flash.o ABSOLUTE
    ..\\..\\..\\..\\..\\Source\\ble\\ble_radio_notification.c 0x00000000   Number         0  ble_radio_notification.o ABSOLUTE
    ..\\..\\..\\..\\..\\Source\\ble\\ble_services\\ble_bas.c 0x00000000   Number         0  ble_bas.o ABSOLUTE
    ..\\..\\..\\..\\..\\Source\\ble\\ble_services\\ble_dis.c 0x00000000   Number         0  ble_dis.o ABSOLUTE
    ..\\..\\..\\..\\..\\Source\\ble\\ble_services\\ble_hrs.c 0x00000000   Number         0  ble_hrs.o ABSOLUTE
    ..\\..\\..\\..\\..\\Source\\ble\\ble_services\\ble_srv_common.c 0x00000000   Number         0  ble_srv_common.o ABSOLUTE
    ..\\..\\..\\..\\..\\Source\\ble\\ble_stack_handler.c 0x00000000   Number         0  ble_stack_handler.o ABSOLUTE
    ..\\..\\..\\..\\..\\Source\\templates\\system_nrf51.c 0x00000000   Number         0  system_nrf51.o ABSOLUTE
    ..\\main.c                               0x00000000   Number         0  main.o ABSOLUTE
    ..\main.c                                0x00000000   Number         0  main.o ABSOLUTE
    dc.s                                     0x00000000   Number         0  dc.o ABSOLUTE
    RESET                                    0x00014000   Section      192  arm_startup_nrf51.o(RESET)
    !!!main                                  0x000140c0   Section        8  __main.o(!!!main)
    !!!scatter                               0x000140c8   Section       60  __scatter.o(!!!scatter)
    !!handler_copy                           0x00014104   Section       26  __scatter_copy.o(!!handler_copy)
    !!handler_zi                             0x00014120   Section       28  __scatter_zi.o(!!handler_zi)
    .ARM.Collect$$libinit$$00000000          0x0001413c   Section        2  libinit.o(.ARM.Collect$$libinit$$00000000)
    .ARM.Collect$$libinit$$00000001          0x0001413e   Section        4  libinit2.o(.ARM.Collect$$libinit$$00000001)
    .ARM.Collect$$libinit$$00000008          0x00014142   Section        0  libinit2.o(.ARM.Collect$$libinit$$00000008)
    .ARM.Collect$$libinit$$0000000A          0x00014142   Section        0  libinit2.o(.ARM.Collect$$libinit$$0000000A)
    .ARM.Collect$$libinit$$0000000C          0x00014142   Section        0  libinit2.o(.ARM.Collect$$libinit$$0000000C)
    .ARM.Collect$$libinit$$0000000F          0x00014142   Section        0  libinit2.o(.ARM.Collect$$libinit$$0000000F)
    .ARM.Collect$$libinit$$00000011          0x00014142   Section        0  libinit2.o(.ARM.Collect$$libinit$$00000011)
    .ARM.Collect$$libinit$$00000013          0x00014142   Section        0  libinit2.o(.ARM.Collect$$libinit$$00000013)
    .ARM.Collect$$libinit$$00000015          0x00014142   Section        0  libinit2.o(.ARM.Collect$$libinit$$00000015)
    .ARM.Collect$$libinit$$00000017          0x00014142   Section        0  libinit2.o(.ARM.Collect$$libinit$$00000017)
    .ARM.Collect$$libinit$$00000019          0x00014142   Section        0  libinit2.o(.ARM.Collect$$libinit$$00000019)
    .ARM.Collect$$libinit$$0000001B          0x00014142   Section        0  libinit2.o(.ARM.Collect$$libinit$$0000001B)
    .ARM.Collect$$libinit$$0000001D          0x00014142   Section        0  libinit2.o(.ARM.Collect$$libinit$$0000001D)
    .ARM.Collect$$libinit$$0000001F          0x00014142   Section        0  libinit2.o(.ARM.Collect$$libinit$$0000001F)
    .ARM.Collect$$libinit$$00000021          0x00014142   Section        0  libinit2.o(.ARM.Collect$$libinit$$00000021)
    .ARM.Collect$$libinit$$00000023          0x00014142   Section        0  libinit2.o(.ARM.Collect$$libinit$$00000023)
    .ARM.Collect$$libinit$$0000002A          0x00014142   Section        0  libinit2.o(.ARM.Collect$$libinit$$0000002A)
    .ARM.Collect$$libinit$$0000002C          0x00014142   Section        0  libinit2.o(.ARM.Collect$$libinit$$0000002C)
    .ARM.Collect$$libinit$$0000002E          0x00014142   Section        0  libinit2.o(.ARM.Collect$$libinit$$0000002E)
    .ARM.Collect$$libinit$$00000030          0x00014142   Section        0  libinit2.o(.ARM.Collect$$libinit$$00000030)
    .ARM.Collect$$libinit$$00000031          0x00014142   Section        2  libinit2.o(.ARM.Collect$$libinit$$00000031)
    .ARM.Collect$$libshutdown$$00000000      0x00014144   Section        2  libshutdown.o(.ARM.Collect$$libshutdown$$00000000)
    .ARM.Collect$$libshutdown$$00000003      0x00014146   Section        0  libshutdown2.o(.ARM.Collect$$libshutdown$$00000003)
    .ARM.Collect$$libshutdown$$00000006      0x00014146   Section        0  libshutdown2.o(.ARM.Collect$$libshutdown$$00000006)
    .ARM.Collect$$libshutdown$$00000009      0x00014146   Section        0  libshutdown2.o(.ARM.Collect$$libshutdown$$00000009)
    .ARM.Collect$$libshutdown$$0000000B      0x00014146   Section        0  libshutdown2.o(.ARM.Collect$$libshutdown$$0000000B)
    .ARM.Collect$$libshutdown$$0000000E      0x00014146   Section        0  libshutdown2.o(.ARM.Collect$$libshutdown$$0000000E)
    .ARM.Collect$$libshutdown$$0000000F      0x00014146   Section        2  libshutdown2.o(.ARM.Collect$$libshutdown$$0000000F)
    .ARM.Collect$$rtentry$$00000000          0x00014148   Section        0  rtentry.o(.ARM.Collect$$rtentry$$00000000)
    .ARM.Collect$$rtentry$$00000002          0x00014148   Section        0  rtentry2.o(.ARM.Collect$$rtentry$$00000002)
    .ARM.Collect$$rtentry$$00000004          0x00014148   Section        6  rtentry4.o(.ARM.Collect$$rtentry$$00000004)
    .ARM.Collect$$rtentry$$00000009          0x0001414e   Section        0  rtentry2.o(.ARM.Collect$$rtentry$$00000009)
    .ARM.Collect$$rtentry$$0000000A          0x0001414e   Section        4  rtentry2.o(.ARM.Collect$$rtentry$$0000000A)
    .ARM.Collect$$rtentry$$0000000C          0x00014152   Section        0  rtentry2.o(.ARM.Collect$$rtentry$$0000000C)
    .ARM.Collect$$rtentry$$0000000D          0x00014152   Section        8  rtentry2.o(.ARM.Collect$$rtentry$$0000000D)
    .ARM.Collect$$rtexit$$00000000           0x0001415a   Section        2  rtexit.o(.ARM.Collect$$rtexit$$00000000)
    .ARM.Collect$$rtexit$$00000002           0x0001415c   Section        0  rtexit2.o(.ARM.Collect$$rtexit$$00000002)
    .ARM.Collect$$rtexit$$00000003           0x0001415c   Section        4  rtexit2.o(.ARM.Collect$$rtexit$$00000003)
    .ARM.Collect$$rtexit$$00000004           0x00014160   Section        6  rtexit2.o(.ARM.Collect$$rtexit$$00000004)
    .emb_text                                0x00014168   Section       30  app_timer.o(.emb_text)
    .emb_text                                0x00014188   Section       56  rt_memcpy.o(.emb_text)
    .text                                    0x000141c0   Section       72  arm_startup_nrf51.o(.text)
    .text                                    0x00014208   Section        0  system_nrf51.o(.text)
    is_output_31_setup_needed                0x00014209   Thumb Code   102  system_nrf51.o(.text)
    is_manual_peripheral_setup_needed        0x0001426f   Thumb Code   102  system_nrf51.o(.text)
    .text                                    0x0001432c   Section        0  main.o(.text)
    battery_level_update                     0x00014357   Thumb Code    56  main.o(.text)
    battery_level_meas_timeout_handler       0x0001438f   Thumb Code    10  main.o(.text)
    heart_rate_meas_timeout_handler          0x00014399   Thumb Code    92  main.o(.text)
    rr_interval_timeout_handler              0x000143f5   Thumb Code    34  main.o(.text)
    sensor_contact_detected_timeout_handler  0x00014417   Thumb Code    28  main.o(.text)
    leds_init                                0x00014433   Thumb Code    56  main.o(.text)
    timers_init                              0x0001446b   Thumb Code   192  main.o(.text)
    gap_params_init                          0x0001452b   Thumb Code   154  main.o(.text)
    advertising_init                         0x000145c5   Thumb Code   112  main.o(.text)
    services_init                            0x00014635   Thumb Code   630  main.o(.text)
    sensor_sim_init                          0x000148ab   Thumb Code    78  main.o(.text)
    sec_params_init                          0x000148f9   Thumb Code    66  main.o(.text)
    application_timers_start                 0x0001493b   Thumb Code   160  main.o(.text)
    advertising_start                        0x000149db   Thumb Code    40  main.o(.text)
    on_conn_params_evt                       0x00014a03   Thumb Code    46  main.o(.text)
    conn_params_error_handler                0x00014a31   Thumb Code    16  main.o(.text)
    conn_params_init                         0x00014a41   Thumb Code    86  main.o(.text)
    on_ble_evt                               0x00014a97   Thumb Code   158  main.o(.text)
    ble_evt_dispatch                         0x00014b35   Thumb Code    40  main.o(.text)
    ble_stack_init                           0x00014b5d   Thumb Code    50  main.o(.text)
    buttons_init                             0x00014b8f   Thumb Code    38  main.o(.text)
    bond_manager_error_handler               0x00014bb5   Thumb Code    16  main.o(.text)
    bond_manager_init                        0x00014bc5   Thumb Code   268  main.o(.text)
    radio_notification_init                  0x00014cd1   Thumb Code    38  main.o(.text)
    power_manage                             0x00014cf7   Thumb Code    32  main.o(.text)
    nrf_gpio_pin_set                         0x00014d5b   Thumb Code    10  main.o(.text)
    nrf_gpio_pin_clear                       0x00014d65   Thumb Code    10  main.o(.text)
    .text                                    0x00014d84   Section        0  ble_dis.o(.text)
    sys_id_encode                            0x00014d85   Thumb Code   160  ble_dis.o(.text)
    pnp_id_encode                            0x00014e25   Thumb Code   152  ble_dis.o(.text)
    char_add                                 0x00014ebd   Thumb Code   232  ble_dis.o(.text)
    uint16_encode                            0x00015127   Thumb Code    18  ble_dis.o(.text)
    .text                                    0x0001519c   Section        0  ble_bas.o(.text)
    on_connect                               0x0001519d   Thumb Code     6  ble_bas.o(.text)
    on_disconnect                            0x000151a3   Thumb Code     8  ble_bas.o(.text)
    on_write                                 0x000151ab   Thumb Code    80  ble_bas.o(.text)
    battery_level_char_add                   0x00015235   Thumb Code   448  ble_bas.o(.text)
    .text                                    0x000154bc   Section        0  ble_hrs.o(.text)
    on_connect                               0x000154bd   Thumb Code     6  ble_hrs.o(.text)
    on_disconnect                            0x000154c3   Thumb Code     8  ble_hrs.o(.text)
    on_hrm_cccd_write                        0x000154cb   Thumb Code    62  ble_hrs.o(.text)
    on_write                                 0x00015509   Thumb Code    26  ble_hrs.o(.text)
    hrm_encode                               0x0001555d   Thumb Code   186  ble_hrs.o(.text)
    heart_rate_measurement_char_add          0x00015617   Thumb Code   234  ble_hrs.o(.text)
    body_sensor_location_char_add            0x00015701   Thumb Code   168  ble_hrs.o(.text)
    uint16_encode                            0x000158f3   Thumb Code    18  ble_hrs.o(.text)
    .text                                    0x00015910   Section        0  ble_error_log.o(.text)
    fetch_stack                              0x00015911   Thumb Code    38  ble_error_log.o(.text)
    .text                                    0x00015ac4   Section        0  ble_advdata.o(.text)
    name_encode                              0x00015ac5   Thumb Code   106  ble_advdata.o(.text)
    appearance_encode                        0x00015b2f   Thumb Code    74  ble_advdata.o(.text)
    uint8_array_encode                       0x00015b79   Thumb Code    82  ble_advdata.o(.text)
    tx_power_level_encode                    0x00015bcb   Thumb Code    48  ble_advdata.o(.text)
    uuid_list_sized_encode                   0x00015bfb   Thumb Code   196  ble_advdata.o(.text)
    uuid_list_encode                         0x00015cbf   Thumb Code    64  ble_advdata.o(.text)
    conn_int_check                           0x00015cff   Thumb Code    88  ble_advdata.o(.text)
    conn_int_encode                          0x00015d57   Thumb Code    92  ble_advdata.o(.text)
    manuf_specific_data_encode               0x00015db3   Thumb Code   106  ble_advdata.o(.text)
    service_data_encode                      0x00015e1d   Thumb Code   140  ble_advdata.o(.text)
    adv_data_encode                          0x00015ea9   Thumb Code   304  ble_advdata.o(.text)
    advdata_check                            0x00015fd9   Thumb Code    32  ble_advdata.o(.text)
    srdata_check                             0x00015ff9   Thumb Code    16  ble_advdata.o(.text)
    uint16_encode                            0x00016083   Thumb Code    18  ble_advdata.o(.text)
    .text                                    0x00016098   Section        0  ble_srv_common.o(.text)
    .text                                    0x00016120   Section        0  ble_sensorsim.o(.text)
    .text                                    0x00016184   Section        0  app_timer.o(.text)
    NVIC_SetPriority                         0x00016185   Thumb Code   110  app_timer.o(.text)
    rtc1_init                                0x000161f3   Thumb Code    18  app_timer.o(.text)
    rtc1_start                               0x00016205   Thumb Code    42  app_timer.o(.text)
    rtc1_stop                                0x0001622f   Thumb Code    44  app_timer.o(.text)
    timer_list_insert                        0x0001625b   Thumb Code   206  app_timer.o(.text)
    timer_list_remove                        0x00016329   Thumb Code   150  app_timer.o(.text)
    timer_timeouts_check_sched               0x000163bf   Thumb Code    10  app_timer.o(.text)
    timer_list_handler_sched                 0x000163c9   Thumb Code    10  app_timer.o(.text)
    timeout_handler_exec                     0x000163d3   Thumb Code    60  app_timer.o(.text)
    timer_timeouts_check                     0x0001640f   Thumb Code   132  app_timer.o(.text)
    elapsed_ticks_acquire                    0x00016493   Thumb Code    82  app_timer.o(.text)
    list_deletions_handler                   0x000164e5   Thumb Code   280  app_timer.o(.text)
    expired_timers_handler                   0x000165fd   Thumb Code    98  app_timer.o(.text)
    list_insertions_handler                  0x0001665f   Thumb Code   260  app_timer.o(.text)
    compare_reg_update                       0x00016763   Thumb Code   122  app_timer.o(.text)
    timer_list_handler                       0x000167dd   Thumb Code    70  app_timer.o(.text)
    user_op_alloc                            0x00016823   Thumb Code    42  app_timer.o(.text)
    timer_start_op_schedule                  0x0001684d   Thumb Code    64  app_timer.o(.text)
    timer_stop_op_schedule                   0x0001688d   Thumb Code    42  app_timer.o(.text)
    timer_stop_all_op_schedule               0x000168b7   Thumb Code    42  app_timer.o(.text)
    user_id_get                              0x00016a71   Thumb Code    34  app_timer.o(.text)
    NVIC_EnableIRQ                           0x00016b6f   Thumb Code    14  app_timer.o(.text)
    NVIC_SetPendingIRQ                       0x00016b7d   Thumb Code    14  app_timer.o(.text)
    NVIC_ClearPendingIRQ                     0x00016b8b   Thumb Code    16  app_timer.o(.text)
    current_int_priority_get                 0x00016b9b   Thumb Code    84  app_timer.o(.text)
    rtc1_counter_get                         0x00016bef   Thumb Code     6  app_timer.o(.text)
    ticks_diff_get                           0x00016bf5   Thumb Code    10  app_timer.o(.text)
    .text                                    0x00016c18   Section        0  ble_stack_handler.o(.text)
    softdevice_assertion_handler             0x00016c19   Thumb Code    18  ble_stack_handler.o(.text)
    .text                                    0x00016d30   Section        0  ble_conn_params.o(.text)
    is_conn_params_ok                        0x00016d31   Thumb Code    30  ble_conn_params.o(.text)
    update_timeout_handler                   0x00016d4f   Thumb Code   136  ble_conn_params.o(.text)
    conn_params_negotiation                  0x00016e3d   Thumb Code   126  ble_conn_params.o(.text)
    on_connect                               0x00016ebb   Thumb Code    42  ble_conn_params.o(.text)
    on_disconnect                            0x00016ee5   Thumb Code    50  ble_conn_params.o(.text)
    on_write                                 0x00016f17   Thumb Code    84  ble_conn_params.o(.text)
    on_conn_params_update                    0x00016f6b   Thumb Code    20  ble_conn_params.o(.text)
    .text                                    0x00017038   Section        0  ble_bondmngr.o(.text)
    crc_extract                              0x00017039   Thumb Code    30  ble_bondmngr.o(.text)
    bond_info_store                          0x00017057   Thumb Code   162  ble_bondmngr.o(.text)
    sys_attr_store                           0x000170f9   Thumb Code   162  ble_bondmngr.o(.text)
    bonding_info_load_from_flash             0x0001719b   Thumb Code   136  ble_bondmngr.o(.text)
    sys_attr_load_from_flash                 0x00017223   Thumb Code   136  ble_bondmngr.o(.text)
    flash_pages_erase                        0x000172ab   Thumb Code    42  ble_bondmngr.o(.text)
    bond_info_changed                        0x000172d5   Thumb Code    66  ble_bondmngr.o(.text)
    sys_attr_changed                         0x00017317   Thumb Code    70  ble_bondmngr.o(.text)
    master_sys_attr_set                      0x0001735d   Thumb Code    50  ble_bondmngr.o(.text)
    update_whitelist                         0x0001738f   Thumb Code   210  ble_bondmngr.o(.text)
    on_auth_status_from_new_master           0x00017461   Thumb Code   218  ble_bondmngr.o(.text)
    master_update                            0x0001753b   Thumb Code    52  ble_bondmngr.o(.text)
    master_find_in_db                        0x0001756f   Thumb Code    68  ble_bondmngr.o(.text)
    load_all_from_flash                      0x000175b3   Thumb Code   244  ble_bondmngr.o(.text)
    sec_levels_equal                         0x000176a7   Thumb Code    58  ble_bondmngr.o(.text)
    sec_keys_equal                           0x000176e1   Thumb Code    90  ble_bondmngr.o(.text)
    enc_info_equal                           0x0001773b   Thumb Code    66  ble_bondmngr.o(.text)
    irk_equal                                0x0001777d   Thumb Code    28  ble_bondmngr.o(.text)
    addr_equal                               0x00017799   Thumb Code    36  ble_bondmngr.o(.text)
    auth_status_equal                        0x000177bd   Thumb Code   122  ble_bondmngr.o(.text)
    on_connect                               0x00017837   Thumb Code   238  ble_bondmngr.o(.text)
    on_sys_attr_missing                      0x00017925   Thumb Code    56  ble_bondmngr.o(.text)
    auth_status_update                       0x0001795d   Thumb Code   142  ble_bondmngr.o(.text)
    on_auth_status                           0x00017b41   Thumb Code    98  ble_bondmngr.o(.text)
    on_sec_info_request                      0x00017ba3   Thumb Code   112  ble_bondmngr.o(.text)
    on_sec_update                            0x00017c13   Thumb Code   162  ble_bondmngr.o(.text)
    .text                                    0x00018088   Section        0  ble_flash.o(.text)
    flash_page_erase                         0x000180c9   Thumb Code    48  ble_flash.o(.text)
    flash_word_unprotected_write             0x000180f9   Thumb Code    46  ble_flash.o(.text)
    flash_word_write                         0x00018127   Thumb Code    64  ble_flash.o(.text)
    .text                                    0x000182cc   Section        0  ble_radio_notification.o(.text)
    .text                                    0x00018338   Section        0  memcmp.o(.text)
    .text                                    0x00018394   Section        0  strlen.o(.text)
    .text                                    0x000183d8   Section        0  rt_memcpy.o(.text)
    .text                                    0x0001845a   Section        0  rt_memmove.o(.text)
    .text                                    0x000184f0   Section        0  rt_memclr.o(.text)
    .text                                    0x00018530   Section        0  strncpy.o(.text)
    .text                                    0x0001859c   Section      346  aeabi_sdiv.o(.text)
    .text                                    0x000186f6   Section        0  heapauxi.o(.text)
    .text                                    0x000186fc   Section       62  sys_stackheap_outer.o(.text)
    .text                                    0x0001873a   Section        0  exit.o(.text)
    .text                                    0x00018748   Section        8  libspace.o(.text)
    .text                                    0x00018750   Section        0  sys_exit.o(.text)
    .text                                    0x0001875c   Section        2  use_no_semi.o(.text)
    .text                                    0x0001875e   Section        0  indicate_semi.o(.text)
    i.__ARM_common_switch8                   0x0001875e   Section        0  system_nrf51.o(i.__ARM_common_switch8)
    .constdata                               0x0001877c   Section       12  main.o(.constdata)
    .data                                    0x20002000   Section        4  system_nrf51.o(.data)
    .data                                    0x20002004   Section       56  main.o(.data)
    m_conn_handle                            0x20002004   Data           2  main.o(.data)
    m_rr_interval_enabled                    0x20002006   Data           1  main.o(.data)
    cnt                                      0x20002008   Data           4  main.o(.data)
    sensor_contact_detected                  0x2000200c   Data           1  main.o(.data)
    m_sec_params                             0x2000200e   Data           6  main.o(.data)
    m_battery_sim_state                      0x20002014   Data           8  main.o(.data)
    m_heart_rate_sim_state                   0x2000201c   Data           8  main.o(.data)
    m_rr_interval_sim_state                  0x20002024   Data           8  main.o(.data)
    m_battery_timer_id                       0x2000202c   Data           4  main.o(.data)
    m_heart_rate_timer_id                    0x20002030   Data           4  main.o(.data)
    m_rr_interval_timer_id                   0x20002034   Data           4  main.o(.data)
    m_sensor_contact_timer_id                0x20002038   Data           4  main.o(.data)
    .data                                    0x2000203c   Section       74  ble_dis.o(.data)
    service_handle                           0x2000203c   Data           2  ble_dis.o(.data)
    manufact_name_handles                    0x2000203e   Data           8  ble_dis.o(.data)
    model_num_handles                        0x20002046   Data           8  ble_dis.o(.data)
    serial_num_handles                       0x2000204e   Data           8  ble_dis.o(.data)
    hw_rev_handles                           0x20002056   Data           8  ble_dis.o(.data)
    fw_rev_handles                           0x2000205e   Data           8  ble_dis.o(.data)
    sw_rev_handles                           0x20002066   Data           8  ble_dis.o(.data)
    sys_id_handles                           0x2000206e   Data           8  ble_dis.o(.data)
    reg_cert_data_list_handles               0x20002076   Data           8  ble_dis.o(.data)
    pnp_id_handles                           0x2000207e   Data           8  ble_dis.o(.data)
    .data                                    0x20002086   Section        1  ble_error_log.o(.data)
    m_ble_log_clear_flag                     0x20002086   Data           1  ble_error_log.o(.data)
    .data                                    0x20002088   Section       36  app_timer.o(.data)
    mp_nodes                                 0x20002088   Data           4  app_timer.o(.data)
    m_node_array_size                        0x2000208c   Data           1  app_timer.o(.data)
    m_user_array_size                        0x2000208d   Data           1  app_timer.o(.data)
    mp_users                                 0x20002090   Data           4  app_timer.o(.data)
    m_timer_id_head                          0x20002094   Data           4  app_timer.o(.data)
    m_ticks_latest                           0x20002098   Data           4  app_timer.o(.data)
    m_ticks_elapsed                          0x2000209c   Data           8  app_timer.o(.data)
    m_ticks_elapsed_first                    0x200020a4   Data           1  app_timer.o(.data)
    m_ticks_elapsed_last                     0x200020a5   Data           1  app_timer.o(.data)
    m_evt_schedule_func                      0x200020a8   Data           4  app_timer.o(.data)
    .data                                    0x200020ac   Section       14  ble_stack_handler.o(.data)
    m_evt_handler                            0x200020ac   Data           4  ble_stack_handler.o(.data)
    m_evt_schedule_func                      0x200020b0   Data           4  ble_stack_handler.o(.data)
    m_evt_buffer                             0x200020b4   Data           4  ble_stack_handler.o(.data)
    m_evt_buffer_size                        0x200020b8   Data           2  ble_stack_handler.o(.data)
    .data                                    0x200020bc   Section       28  ble_conn_params.o(.data)
    m_change_param                           0x200020bc   Data           1  ble_conn_params.o(.data)
    m_preferred_conn_params                  0x200020be   Data           8  ble_conn_params.o(.data)
    m_update_count                           0x200020c6   Data           1  ble_conn_params.o(.data)
    m_conn_handle                            0x200020c8   Data           2  ble_conn_params.o(.data)
    m_current_conn_params                    0x200020ca   Data           8  ble_conn_params.o(.data)
    m_conn_params_timer_id                   0x200020d4   Data           4  ble_conn_params.o(.data)
    .data                                    0x200020d8   Section       23  ble_bondmngr.o(.data)
    m_is_bondmngr_initialized                0x200020d8   Data           1  ble_bondmngr.o(.data)
    m_conn_handle                            0x200020da   Data           2  ble_bondmngr.o(.data)
    m_masters_in_db_count                    0x200020dc   Data           1  ble_bondmngr.o(.data)
    m_addr_count                             0x200020dd   Data           1  ble_bondmngr.o(.data)
    m_irk_count                              0x200020de   Data           1  ble_bondmngr.o(.data)
    m_crc_bond_info                          0x200020e0   Data           2  ble_bondmngr.o(.data)
    m_crc_sys_attr                           0x200020e2   Data           2  ble_bondmngr.o(.data)
    mp_flash_bond_info                       0x200020e4   Data           4  ble_bondmngr.o(.data)
    mp_flash_sys_attr                        0x200020e8   Data           4  ble_bondmngr.o(.data)
    m_bond_info_in_flash_count               0x200020ec   Data           1  ble_bondmngr.o(.data)
    m_sys_attr_in_flash_count                0x200020ed   Data           1  ble_bondmngr.o(.data)
    m_sec_con_status                         0x200020ee   Data           1  ble_bondmngr.o(.data)
    .data                                    0x200020ef   Section        1  ble_flash.o(.data)
    m_radio_active                           0x200020ef   Data           1  ble_flash.o(.data)
    .data                                    0x200020f0   Section        8  ble_radio_notification.o(.data)
    m_radio_active                           0x200020f0   Data           1  ble_radio_notification.o(.data)
    m_evt_handler                            0x200020f4   Data           4  ble_radio_notification.o(.data)
    .bss                                     0x200020f8   Section      908  main.o(.bss)
    APP_TIMER_BUF                            0x200020f8   Data         656  main.o(.bss)
    EVT_BUFFER                               0x20002388   Data          80  main.o(.bss)
    m_adv_params                             0x200023d8   Data          20  main.o(.bss)
    m_bas                                    0x200023ec   Data          24  main.o(.bss)
    m_hrs                                    0x20002404   Data          80  main.o(.bss)
    m_battery_sim_cfg                        0x20002454   Data          16  main.o(.bss)
    m_heart_rate_sim_cfg                     0x20002464   Data          16  main.o(.bss)
    m_rr_interval_sim_cfg                    0x20002474   Data          16  main.o(.bss)
    .bss                                     0x20002484   Section      392  ble_error_log.o(.bss)
    m_ble_error_log                          0x20002484   Data         392  ble_error_log.o(.bss)
    .bss                                     0x2000260c   Section       28  ble_conn_params.o(.bss)
    m_conn_params_config                     0x2000260c   Data          28  ble_conn_params.o(.bss)
    .bss                                     0x20002628   Section     1012  ble_bondmngr.o(.bss)
    s_addr                                   0x20002628   Data          28  ble_bondmngr.o(.bss)
    s_irk                                    0x20002644   Data          28  ble_bondmngr.o(.bss)
    m_bondmngr_config                        0x20002660   Data          12  ble_bondmngr.o(.bss)
    m_master                                 0x2000266c   Data         104  ble_bondmngr.o(.bss)
    m_masters_db                             0x200026d4   Data         728  ble_bondmngr.o(.bss)
    m_whitelist_addr                         0x200029ac   Data          56  ble_bondmngr.o(.bss)
    m_whitelist_irk                          0x200029e4   Data          56  ble_bondmngr.o(.bss)
    .bss                                     0x20002a1c   Section       96  libspace.o(.bss)
    HEAP                                     0x20002a80   Section     2048  arm_startup_nrf51.o(HEAP)
    Heap_Mem                                 0x20002a80   Data        2048  arm_startup_nrf51.o(HEAP)
    STACK                                    0x20003280   Section     2048  arm_startup_nrf51.o(STACK)
    Stack_Mem                                0x20003280   Data        2048  arm_startup_nrf51.o(STACK)
    __initial_sp                             0x20003a80   Data           0  arm_startup_nrf51.o(STACK)

    Global Symbols

    Symbol Name                              Value     Ov Type        Size  Object(Section)

    BuildAttributes$$THM_ISAv3M$S$PE$A:L22$X:L11$S22$IEEE1$IW$USESV6$~STKCKD$USESV7$ENUMINT$~SHL$OSPACE$ROPI$EBA8$UX$STANDARDLIB$REQ8$PRES8$EABIv2 0x00000000   Number         0  anon$$obj.o ABSOLUTE
    __ARM_use_no_argv                        0x00000000   Number         0  main.o ABSOLUTE
    __ARM_exceptions_init                     - Undefined Weak Reference
    __alloca_initialize                       - Undefined Weak Reference
    __cpp_initialize__aeabi_                  - Undefined Weak Reference
    __cxa_finalize                            - Undefined Weak Reference
    __rt_locale                               - Undefined Weak Reference
    __sigvec_lookup                           - Undefined Weak Reference
    _atexit_init                              - Undefined Weak Reference
    _call_atexit_fns                          - Undefined Weak Reference
    _clock_init                               - Undefined Weak Reference
    _fp_trap_init                             - Undefined Weak Reference
    _fp_trap_shutdown                         - Undefined Weak Reference
    _get_lc_collate                           - Undefined Weak Reference
    _get_lc_ctype                             - Undefined Weak Reference
    _get_lc_monetary                          - Undefined Weak Reference
    _get_lc_numeric                           - Undefined Weak Reference
    _get_lc_time                              - Undefined Weak Reference
    _getenv_init                              - Undefined Weak Reference
    _handle_redirection                       - Undefined Weak Reference
    _init_alloc                               - Undefined Weak Reference
    _init_user_alloc                          - Undefined Weak Reference
    _initio                                   - Undefined Weak Reference
    _rand_init                                - Undefined Weak Reference
    _signal_finish                            - Undefined Weak Reference
    _signal_init                              - Undefined Weak Reference
    _terminate_alloc                          - Undefined Weak Reference
    _terminate_user_alloc                     - Undefined Weak Reference
    _terminateio                              - Undefined Weak Reference
    __Vectors_Size                           0x000000c0   Number         0  arm_startup_nrf51.o ABSOLUTE
    __Vectors                                0x00014000   Data           4  arm_startup_nrf51.o(RESET)
    __Vectors_End                            0x000140c0   Data           0  arm_startup_nrf51.o(RESET)
    __main                                   0x000140c1   Thumb Code     8  __main.o(!!!main)
    __scatterload                            0x000140c9   Thumb Code     0  __scatter.o(!!!scatter)
    __scatterload_rt2                        0x000140c9   Thumb Code    52  __scatter.o(!!!scatter)
    __scatterload_rt2_thumb_only             0x000140c9   Thumb Code     0  __scatter.o(!!!scatter)
    __scatterload_null                       0x000140d9   Thumb Code     0  __scatter.o(!!!scatter)
    __scatterload_copy                       0x00014105   Thumb Code    26  __scatter_copy.o(!!handler_copy)
    __scatterload_zeroinit                   0x00014121   Thumb Code    28  __scatter_zi.o(!!handler_zi)
    __rt_lib_init                            0x0001413d   Thumb Code     0  libinit.o(.ARM.Collect$$libinit$$00000000)
    __rt_lib_init_fp_1                       0x0001413f   Thumb Code     0  libinit2.o(.ARM.Collect$$libinit$$00000001)
    __rt_lib_init_alloca_1                   0x00014143   Thumb Code     0  libinit2.o(.ARM.Collect$$libinit$$0000002C)
    __rt_lib_init_argv_1                     0x00014143   Thumb Code     0  libinit2.o(.ARM.Collect$$libinit$$0000002A)
    __rt_lib_init_atexit_1                   0x00014143   Thumb Code     0  libinit2.o(.ARM.Collect$$libinit$$00000019)
    __rt_lib_init_clock_1                    0x00014143   Thumb Code     0  libinit2.o(.ARM.Collect$$libinit$$0000001F)
    __rt_lib_init_cpp_1                      0x00014143   Thumb Code     0  libinit2.o(.ARM.Collect$$libinit$$00000030)
    __rt_lib_init_exceptions_1               0x00014143   Thumb Code     0  libinit2.o(.ARM.Collect$$libinit$$0000002E)
    __rt_lib_init_fp_trap_1                  0x00014143   Thumb Code     0  libinit2.o(.ARM.Collect$$libinit$$0000001D)
    __rt_lib_init_getenv_1                   0x00014143   Thumb Code     0  libinit2.o(.ARM.Collect$$libinit$$00000021)
    __rt_lib_init_heap_1                     0x00014143   Thumb Code     0  libinit2.o(.ARM.Collect$$libinit$$00000008)
    __rt_lib_init_lc_collate_1               0x00014143   Thumb Code     0  libinit2.o(.ARM.Collect$$libinit$$0000000F)
    __rt_lib_init_lc_ctype_1                 0x00014143   Thumb Code     0  libinit2.o(.ARM.Collect$$libinit$$00000011)
    __rt_lib_init_lc_monetary_1              0x00014143   Thumb Code     0  libinit2.o(.ARM.Collect$$libinit$$00000013)
    __rt_lib_init_lc_numeric_1               0x00014143   Thumb Code     0  libinit2.o(.ARM.Collect$$libinit$$00000015)
    __rt_lib_init_lc_time_1                  0x00014143   Thumb Code     0  libinit2.o(.ARM.Collect$$libinit$$00000017)
    __rt_lib_init_rand_1                     0x00014143   Thumb Code     0  libinit2.o(.ARM.Collect$$libinit$$0000000C)
    __rt_lib_init_return                     0x00014143   Thumb Code     0  libinit2.o(.ARM.Collect$$libinit$$00000031)
    __rt_lib_init_signal_1                   0x00014143   Thumb Code     0  libinit2.o(.ARM.Collect$$libinit$$0000001B)
    __rt_lib_init_stdio_1                    0x00014143   Thumb Code     0  libinit2.o(.ARM.Collect$$libinit$$00000023)
    __rt_lib_init_user_alloc_1               0x00014143   Thumb Code     0  libinit2.o(.ARM.Collect$$libinit$$0000000A)
    __rt_lib_shutdown                        0x00014145   Thumb Code     0  libshutdown.o(.ARM.Collect$$libshutdown$$00000000)
    __rt_lib_shutdown_fp_trap_1              0x00014147   Thumb Code     0  libshutdown2.o(.ARM.Collect$$libshutdown$$00000006)
    __rt_lib_shutdown_heap_1                 0x00014147   Thumb Code     0  libshutdown2.o(.ARM.Collect$$libshutdown$$0000000E)
    __rt_lib_shutdown_return                 0x00014147   Thumb Code     0  libshutdown2.o(.ARM.Collect$$libshutdown$$0000000F)
    __rt_lib_shutdown_signal_1               0x00014147   Thumb Code     0  libshutdown2.o(.ARM.Collect$$libshutdown$$00000009)
    __rt_lib_shutdown_stdio_1                0x00014147   Thumb Code     0  libshutdown2.o(.ARM.Collect$$libshutdown$$00000003)
    __rt_lib_shutdown_user_alloc_1           0x00014147   Thumb Code     0  libshutdown2.o(.ARM.Collect$$libshutdown$$0000000B)
    __rt_entry                               0x00014149   Thumb Code     0  rtentry.o(.ARM.Collect$$rtentry$$00000000)
    __rt_entry_presh_1                       0x00014149   Thumb Code     0  rtentry2.o(.ARM.Collect$$rtentry$$00000002)
    __rt_entry_sh                            0x00014149   Thumb Code     0  rtentry4.o(.ARM.Collect$$rtentry$$00000004)
    __rt_entry_li                            0x0001414f   Thumb Code     0  rtentry2.o(.ARM.Collect$$rtentry$$0000000A)
    __rt_entry_postsh_1                      0x0001414f   Thumb Code     0  rtentry2.o(.ARM.Collect$$rtentry$$00000009)
    __rt_entry_main                          0x00014153   Thumb Code     0  rtentry2.o(.ARM.Collect$$rtentry$$0000000D)
    __rt_entry_postli_1                      0x00014153   Thumb Code     0  rtentry2.o(.ARM.Collect$$rtentry$$0000000C)
    __rt_exit                                0x0001415b   Thumb Code     0  rtexit.o(.ARM.Collect$$rtexit$$00000000)
    __rt_exit_ls                             0x0001415d   Thumb Code     0  rtexit2.o(.ARM.Collect$$rtexit$$00000003)
    __rt_exit_prels_1                        0x0001415d   Thumb Code     0  rtexit2.o(.ARM.Collect$$rtexit$$00000002)
    __rt_exit_exit                           0x00014161   Thumb Code     0  rtexit2.o(.ARM.Collect$$rtexit$$00000004)
    __asm___11_app_timer_c_cd27f9c3__nrf_delay_us 0x00014169   Thumb Code    30  app_timer.o(.emb_text)
    __aeabi_memcpy4                          0x00014189   Thumb Code    56  rt_memcpy.o(.emb_text)
    __aeabi_memcpy8                          0x00014189   Thumb Code     0  rt_memcpy.o(.emb_text)
    Reset_Handler                            0x000141c1   Thumb Code    18  arm_startup_nrf51.o(.text)
    NMI_Handler                              0x000141d3   Thumb Code     2  arm_startup_nrf51.o(.text)
    HardFault_Handler                        0x000141d5   Thumb Code     2  arm_startup_nrf51.o(.text)
    SVC_Handler                              0x000141d7   Thumb Code     2  arm_startup_nrf51.o(.text)
    PendSV_Handler                           0x000141d9   Thumb Code     2  arm_startup_nrf51.o(.text)
    SysTick_Handler                          0x000141db   Thumb Code     2  arm_startup_nrf51.o(.text)
    ADC_IRQHandler                           0x000141dd   Thumb Code     0  arm_startup_nrf51.o(.text)
    CCM_AAR_IRQHandler                       0x000141dd   Thumb Code     0  arm_startup_nrf51.o(.text)
    ECB_IRQHandler                           0x000141dd   Thumb Code     0  arm_startup_nrf51.o(.text)
    GPIOTE_IRQHandler                        0x000141dd   Thumb Code     0  arm_startup_nrf51.o(.text)
    LPCOMP_COMP_IRQHandler                   0x000141dd   Thumb Code     0  arm_startup_nrf51.o(.text)
    POWER_CLOCK_IRQHandler                   0x000141dd   Thumb Code     0  arm_startup_nrf51.o(.text)
    QDEC_IRQHandler                          0x000141dd   Thumb Code     0  arm_startup_nrf51.o(.text)
    RADIO_IRQHandler                         0x000141dd   Thumb Code     0  arm_startup_nrf51.o(.text)
    RNG_IRQHandler                           0x000141dd   Thumb Code     0  arm_startup_nrf51.o(.text)
    RTC0_IRQHandler                          0x000141dd   Thumb Code     0  arm_startup_nrf51.o(.text)
    SPI0_TWI0_IRQHandler                     0x000141dd   Thumb Code     0  arm_startup_nrf51.o(.text)
    SPI1_TWI1_IRQHandler                     0x000141dd   Thumb Code     0  arm_startup_nrf51.o(.text)
    SWI3_IRQHandler                          0x000141dd   Thumb Code     0  arm_startup_nrf51.o(.text)
    SWI4_IRQHandler                          0x000141dd   Thumb Code     0  arm_startup_nrf51.o(.text)
    SWI5_IRQHandler                          0x000141dd   Thumb Code     0  arm_startup_nrf51.o(.text)
    TEMP_IRQHandler                          0x000141dd   Thumb Code     0  arm_startup_nrf51.o(.text)
    TIMER0_IRQHandler                        0x000141dd   Thumb Code     0  arm_startup_nrf51.o(.text)
    TIMER1_IRQHandler                        0x000141dd   Thumb Code     0  arm_startup_nrf51.o(.text)
    TIMER2_IRQHandler                        0x000141dd   Thumb Code     0  arm_startup_nrf51.o(.text)
    UART0_IRQHandler                         0x000141dd   Thumb Code     0  arm_startup_nrf51.o(.text)
    WDT_IRQHandler                           0x000141dd   Thumb Code     0  arm_startup_nrf51.o(.text)
    __user_initial_stackheap                 0x000141e1   Thumb Code     0  arm_startup_nrf51.o(.text)
    SystemInit                               0x000142d5   Thumb Code    52  system_nrf51.o(.text)
    SystemCoreClockUpdate                    0x00014309   Thumb Code     8  system_nrf51.o(.text)
    app_error_handler                        0x0001432d   Thumb Code    28  main.o(.text)
    assert_nrf_callback                      0x00014349   Thumb Code    14  main.o(.text)
    main                                     0x00014d17   Thumb Code    68  main.o(.text)
    ble_dis_init                             0x00014fa5   Thumb Code   386  ble_dis.o(.text)
    ble_bas_on_ble_evt                       0x000151fb   Thumb Code    58  ble_bas.o(.text)
    ble_bas_init                             0x000153f5   Thumb Code    66  ble_bas.o(.text)
    ble_bas_battery_level_update             0x00015437   Thumb Code   118  ble_bas.o(.text)
    ble_hrs_on_ble_evt                       0x00015523   Thumb Code    58  ble_hrs.o(.text)
    ble_hrs_init                             0x000157a9   Thumb Code   108  ble_hrs.o(.text)
    ble_hrs_heart_rate_measurement_send      0x00015815   Thumb Code    94  ble_hrs.o(.text)
    ble_hrs_rr_interval_add                  0x00015873   Thumb Code    60  ble_hrs.o(.text)
    ble_hrs_rr_interval_buffer_is_full       0x000158af   Thumb Code    18  ble_hrs.o(.text)
    ble_hrs_sensor_contact_supported_set     0x000158c1   Thumb Code    20  ble_hrs.o(.text)
    ble_hrs_sensor_contact_detected_update   0x000158d5   Thumb Code     6  ble_hrs.o(.text)
    ble_hrs_body_sensor_location_set         0x000158db   Thumb Code    24  ble_hrs.o(.text)
    ble_error_log_write                      0x00015937   Thumb Code    96  ble_error_log.o(.text)
    ble_error_log_read                       0x00015997   Thumb Code   170  ble_error_log.o(.text)
    ble_error_log_clear                      0x00015a41   Thumb Code     8  ble_error_log.o(.text)
    ble_error_log_init                       0x00015a49   Thumb Code    60  ble_error_log.o(.text)
    ble_advdata_set                          0x00016009   Thumb Code   122  ble_advdata.o(.text)
    ble_srv_report_ref_encode                0x00016099   Thumb Code    60  ble_srv_common.o(.text)
    ble_srv_ascii_to_utf8                    0x000160d5   Thumb Code    18  ble_srv_common.o(.text)
    ble_sensorsim_init                       0x00016121   Thumb Code    26  ble_sensorsim.o(.text)
    ble_sensorsim_measure                    0x0001613b   Thumb Code    74  ble_sensorsim.o(.text)
    RTC1_IRQHandler                          0x000168e1   Thumb Code    34  app_timer.o(.text)
    SWI0_IRQHandler                          0x00016903   Thumb Code     8  app_timer.o(.text)
    app_timer_init                           0x0001690b   Thumb Code   250  app_timer.o(.text)
    app_timer_create                         0x00016a05   Thumb Code   108  app_timer.o(.text)
    app_timer_start                          0x00016a93   Thumb Code    98  app_timer.o(.text)
    app_timer_stop                           0x00016af5   Thumb Code    60  app_timer.o(.text)
    app_timer_stop_all                       0x00016b31   Thumb Code    26  app_timer.o(.text)
    app_timer_cnt_get                        0x00016b4b   Thumb Code    14  app_timer.o(.text)
    app_timer_cnt_diff_compute               0x00016b59   Thumb Code    22  app_timer.o(.text)
    ble_stack_handler_init                   0x00016c2b   Thumb Code    82  ble_stack_handler.o(.text)
    intern_ble_stack_events_execute          0x00016c7d   Thumb Code    60  ble_stack_handler.o(.text)
    SWI2_IRQHandler                          0x00016cb9   Thumb Code    50  ble_stack_handler.o(.text)
    ble_conn_params_init                     0x00016dd7   Thumb Code    90  ble_conn_params.o(.text)
    ble_conn_params_stop                     0x00016e31   Thumb Code    12  ble_conn_params.o(.text)
    ble_conn_params_on_ble_evt               0x00016f7f   Thumb Code    62  ble_conn_params.o(.text)
    ble_conn_params_change_conn_params       0x00016fbd   Thumb Code    86  ble_conn_params.o(.text)
    ble_bondmngr_bonded_master_delete        0x000179eb   Thumb Code   342  ble_bondmngr.o(.text)
    ble_bondmngr_on_ble_evt                  0x00017cb5   Thumb Code   110  ble_bondmngr.o(.text)
    ble_bondmngr_bonded_masters_store        0x00017d23   Thumb Code   248  ble_bondmngr.o(.text)
    ble_bondmngr_sys_attr_store              0x00017e1b   Thumb Code    92  ble_bondmngr.o(.text)
    ble_bondmngr_bonded_masters_delete       0x00017e77   Thumb Code    34  ble_bondmngr.o(.text)
    ble_bondmngr_master_addr_get             0x00017e99   Thumb Code    66  ble_bondmngr.o(.text)
    ble_bondmngr_whitelist_get               0x00017edb   Thumb Code   108  ble_bondmngr.o(.text)
    ble_bondmngr_init                        0x00017f47   Thumb Code   132  ble_bondmngr.o(.text)
    ble_bondmngr_master_ids_get              0x00017fcb   Thumb Code    90  ble_bondmngr.o(.text)
    ble_bondmngr_is_link_encrypted           0x00018025   Thumb Code    38  ble_bondmngr.o(.text)
    ble_flash_crc16_compute                  0x00018089   Thumb Code    64  ble_flash.o(.text)
    ble_flash_word_write                     0x00018167   Thumb Code    18  ble_flash.o(.text)
    ble_flash_block_write                    0x00018179   Thumb Code    36  ble_flash.o(.text)
    ble_flash_page_erase                     0x0001819d   Thumb Code    26  ble_flash.o(.text)
    ble_flash_page_write                     0x000181b7   Thumb Code   120  ble_flash.o(.text)
    ble_flash_page_read                      0x0001822f   Thumb Code   112  ble_flash.o(.text)
    ble_flash_page_addr                      0x0001829f   Thumb Code    18  ble_flash.o(.text)
    ble_flash_on_radio_active_evt            0x000182b1   Thumb Code     6  ble_flash.o(.text)
    SWI1_IRQHandler                          0x000182cd   Thumb Code    34  ble_radio_notification.o(.text)
    ble_radio_notification_init              0x000182ef   Thumb Code    64  ble_radio_notification.o(.text)
    memcmp                                   0x00018339   Thumb Code    90  memcmp.o(.text)
    strlen                                   0x00018395   Thumb Code    62  strlen.o(.text)
    __aeabi_memcpy                           0x000183d9   Thumb Code   130  rt_memcpy.o(.text)
    __rt_memcpy                              0x000183d9   Thumb Code     0  rt_memcpy.o(.text)
    __aeabi_memmove4                         0x0001845b   Thumb Code    70  rt_memmove.o(.text)
    __aeabi_memmove8                         0x0001845b   Thumb Code     0  rt_memmove.o(.text)
    __aeabi_memmove                          0x000184a1   Thumb Code    80  rt_memmove.o(.text)
    __rt_memmove                             0x000184a1   Thumb Code     0  rt_memmove.o(.text)
    _memset_w                                0x000184f1   Thumb Code    26  rt_memclr.o(.text)
    _memset                                  0x0001850b   Thumb Code    30  rt_memclr.o(.text)
    __aeabi_memclr                           0x00018529   Thumb Code     4  rt_memclr.o(.text)
    __rt_memclr                              0x00018529   Thumb Code     0  rt_memclr.o(.text)
    __aeabi_memclr4                          0x0001852d   Thumb Code     0  rt_memclr.o(.text)
    __aeabi_memclr8                          0x0001852d   Thumb Code     0  rt_memclr.o(.text)
    __rt_memclr_w                            0x0001852d   Thumb Code     4  rt_memclr.o(.text)
    strncpy                                  0x00018531   Thumb Code   104  strncpy.o(.text)
    __aeabi_uidiv                            0x0001859d   Thumb Code     0  aeabi_sdiv.o(.text)
    __aeabi_uidivmod                         0x0001859d   Thumb Code    20  aeabi_sdiv.o(.text)
    __aeabi_idiv                             0x000185b1   Thumb Code     0  aeabi_sdiv.o(.text)
    __aeabi_idivmod                          0x000185b1   Thumb Code   326  aeabi_sdiv.o(.text)
    __use_two_region_memory                  0x000186f7   Thumb Code     2  heapauxi.o(.text)
    __rt_heap_escrow$2region                 0x000186f9   Thumb Code     2  heapauxi.o(.text)
    __rt_heap_expand$2region                 0x000186fb   Thumb Code     2  heapauxi.o(.text)
    __user_setup_stackheap                   0x000186fd   Thumb Code    62  sys_stackheap_outer.o(.text)
    exit                                     0x0001873b   Thumb Code    12  exit.o(.text)
    __user_libspace                          0x00018749   Thumb Code     8  libspace.o(.text)
    __user_perproc_libspace                  0x00018749   Thumb Code     0  libspace.o(.text)
    __user_perthread_libspace                0x00018749   Thumb Code     0  libspace.o(.text)
    _sys_exit                                0x00018751   Thumb Code     8  sys_exit.o(.text)
    __I$use$semihosting                      0x0001875d   Thumb Code     0  use_no_semi.o(.text)
    __use_no_semihosting_swi                 0x0001875d   Thumb Code     2  use_no_semi.o(.text)
    __ARM_common_switch8                     0x0001875f   Thumb Code    28  system_nrf51.o(i.__ARM_common_switch8)
    __semihosting_library_function           0x0001875f   Thumb Code     0  indicate_semi.o(.text)
    Region$$Table$$Base                      0x00018788   Number         0  anon$$obj.o(Region$$Table)
    Region$$Table$$Limit                     0x000187a8   Number         0  anon$$obj.o(Region$$Table)
    SystemCoreClock                          0x20002000   Data           4  system_nrf51.o(.data)
    __libspace_start                         0x20002a1c   Data          96  libspace.o(.bss)
    __temporary_stack_top$libspace           0x20002a7c   Data           0  libspace.o(.bss)



==============================================================================

Memory Map of the image

  Image Entry point : 0x000140c1

  Load Region LR_IROM1 (Base: 0x00014000, Size: 0x000048a0, Max: 0x0002b000, ABSOLUTE)

    Execution Region ER_IROM1 (Base: 0x00014000, Size: 0x000047a8, Max: 0x0002b000, ABSOLUTE)

    Base Addr    Size         Type   Attr      Idx    E Section Name        Object

    0x00014000   0x000000c0   Data   RO            3    RESET               arm_startup_nrf51.o
    0x000140c0   0x00000008   Code   RO          744  * !!!main             c_p.l(__main.o)
    0x000140c8   0x0000003c   Code   RO          910    !!!scatter          c_p.l(__scatter.o)
    0x00014104   0x0000001a   Code   RO          912    !!handler_copy      c_p.l(__scatter_copy.o)
    0x0001411e   0x00000002   PAD
    0x00014120   0x0000001c   Code   RO          914    !!handler_zi        c_p.l(__scatter_zi.o)
    0x0001413c   0x00000002   Code   RO          782    .ARM.Collect$$libinit$$00000000  c_p.l(libinit.o)
    0x0001413e   0x00000004   Code   RO          795    .ARM.Collect$$libinit$$00000001  c_p.l(libinit2.o)
    0x00014142   0x00000000   Code   RO          799    .ARM.Collect$$libinit$$00000008  c_p.l(libinit2.o)
    0x00014142   0x00000000   Code   RO          801    .ARM.Collect$$libinit$$0000000A  c_p.l(libinit2.o)
    0x00014142   0x00000000   Code   RO          803    .ARM.Collect$$libinit$$0000000C  c_p.l(libinit2.o)
    0x00014142   0x00000000   Code   RO          806    .ARM.Collect$$libinit$$0000000F  c_p.l(libinit2.o)
    0x00014142   0x00000000   Code   RO          808    .ARM.Collect$$libinit$$00000011  c_p.l(libinit2.o)
    0x00014142   0x00000000   Code   RO          810    .ARM.Collect$$libinit$$00000013  c_p.l(libinit2.o)
    0x00014142   0x00000000   Code   RO          812    .ARM.Collect$$libinit$$00000015  c_p.l(libinit2.o)
    0x00014142   0x00000000   Code   RO          814    .ARM.Collect$$libinit$$00000017  c_p.l(libinit2.o)
    0x00014142   0x00000000   Code   RO          816    .ARM.Collect$$libinit$$00000019  c_p.l(libinit2.o)
    0x00014142   0x00000000   Code   RO          818    .ARM.Collect$$libinit$$0000001B  c_p.l(libinit2.o)
    0x00014142   0x00000000   Code   RO          820    .ARM.Collect$$libinit$$0000001D  c_p.l(libinit2.o)
    0x00014142   0x00000000   Code   RO          822    .ARM.Collect$$libinit$$0000001F  c_p.l(libinit2.o)
    0x00014142   0x00000000   Code   RO          824    .ARM.Collect$$libinit$$00000021  c_p.l(libinit2.o)
    0x00014142   0x00000000   Code   RO          826    .ARM.Collect$$libinit$$00000023  c_p.l(libinit2.o)
    0x00014142   0x00000000   Code   RO          830    .ARM.Collect$$libinit$$0000002A  c_p.l(libinit2.o)
    0x00014142   0x00000000   Code   RO          832    .ARM.Collect$$libinit$$0000002C  c_p.l(libinit2.o)
    0x00014142   0x00000000   Code   RO          834    .ARM.Collect$$libinit$$0000002E  c_p.l(libinit2.o)
    0x00014142   0x00000000   Code   RO          836    .ARM.Collect$$libinit$$00000030  c_p.l(libinit2.o)
    0x00014142   0x00000002   Code   RO          837    .ARM.Collect$$libinit$$00000031  c_p.l(libinit2.o)
    0x00014144   0x00000002   Code   RO          868    .ARM.Collect$$libshutdown$$00000000  c_p.l(libshutdown.o)
    0x00014146   0x00000000   Code   RO          895    .ARM.Collect$$libshutdown$$00000003  c_p.l(libshutdown2.o)
    0x00014146   0x00000000   Code   RO          898    .ARM.Collect$$libshutdown$$00000006  c_p.l(libshutdown2.o)
    0x00014146   0x00000000   Code   RO          901    .ARM.Collect$$libshutdown$$00000009  c_p.l(libshutdown2.o)
    0x00014146   0x00000000   Code   RO          903    .ARM.Collect$$libshutdown$$0000000B  c_p.l(libshutdown2.o)
    0x00014146   0x00000000   Code   RO          906    .ARM.Collect$$libshutdown$$0000000E  c_p.l(libshutdown2.o)
    0x00014146   0x00000002   Code   RO          907    .ARM.Collect$$libshutdown$$0000000F  c_p.l(libshutdown2.o)
    0x00014148   0x00000000   Code   RO          746    .ARM.Collect$$rtentry$$00000000  c_p.l(rtentry.o)
    0x00014148   0x00000000   Code   RO          752    .ARM.Collect$$rtentry$$00000002  c_p.l(rtentry2.o)
    0x00014148   0x00000006   Code   RO          764    .ARM.Collect$$rtentry$$00000004  c_p.l(rtentry4.o)
    0x0001414e   0x00000000   Code   RO          754    .ARM.Collect$$rtentry$$00000009  c_p.l(rtentry2.o)
    0x0001414e   0x00000004   Code   RO          755    .ARM.Collect$$rtentry$$0000000A  c_p.l(rtentry2.o)
    0x00014152   0x00000000   Code   RO          757    .ARM.Collect$$rtentry$$0000000C  c_p.l(rtentry2.o)
    0x00014152   0x00000008   Code   RO          758    .ARM.Collect$$rtentry$$0000000D  c_p.l(rtentry2.o)
    0x0001415a   0x00000002   Code   RO          787    .ARM.Collect$$rtexit$$00000000  c_p.l(rtexit.o)
    0x0001415c   0x00000000   Code   RO          841    .ARM.Collect$$rtexit$$00000002  c_p.l(rtexit2.o)
    0x0001415c   0x00000004   Code   RO          842    .ARM.Collect$$rtexit$$00000003  c_p.l(rtexit2.o)
    0x00014160   0x00000006   Code   RO          843    .ARM.Collect$$rtexit$$00000004  c_p.l(rtexit2.o)
    0x00014166   0x00000002   PAD
    0x00014168   0x0000001e   Code   RO          448    .emb_text           app_timer.o
    0x00014186   0x00000002   PAD
    0x00014188   0x00000038   Code   RO          728    .emb_text           c_p.l(rt_memcpy.o)
    0x000141c0   0x00000048   Code   RO            4    .text               arm_startup_nrf51.o
    0x00014208   0x00000124   Code   RO           12    .text               system_nrf51.o
    0x0001432c   0x00000a58   Code   RO           71    .text               main.o
    0x00014d84   0x00000418   Code   RO          220    .text               ble_dis.o
    0x0001519c   0x00000320   Code   RO          287    .text               ble_bas.o
    0x000154bc   0x00000454   Code   RO          334    .text               ble_hrs.o
    0x00015910   0x000001b4   Code   RO          360    .text               ble_error_log.o
    0x00015ac4   0x000005d4   Code   RO          387    .text               ble_advdata.o
    0x00016098   0x00000088   Code   RO          413    .text               ble_srv_common.o
    0x00016120   0x00000064   Code   RO          434    .text               ble_sensorsim.o
    0x00016184   0x00000a94   Code   RO          449    .text               app_timer.o
    0x00016c18   0x00000118   Code   RO          502    .text               ble_stack_handler.o
    0x00016d30   0x00000308   Code   RO          539    .text               ble_conn_params.o
    0x00017038   0x00001050   Code   RO          575    .text               ble_bondmngr.o
    0x00018088   0x00000244   Code   RO          640    .text               ble_flash.o
    0x000182cc   0x0000006c   Code   RO          668    .text               ble_radio_notification.o
    0x00018338   0x0000005a   Code   RO          724    .text               c_p.l(memcmp.o)
    0x00018392   0x00000002   PAD
    0x00018394   0x00000044   Code   RO          726    .text               c_p.l(strlen.o)
    0x000183d8   0x00000082   Code   RO          729    .text               c_p.l(rt_memcpy.o)
    0x0001845a   0x00000096   Code   RO          732    .text               c_p.l(rt_memmove.o)
    0x000184f0   0x00000040   Code   RO          734    .text               c_p.l(rt_memclr.o)
    0x00018530   0x0000006c   Code   RO          736    .text               c_p.l(strncpy.o)
    0x0001859c   0x0000015a   Code   RO          738    .text               c_p.l(aeabi_sdiv.o)
    0x000186f6   0x00000006   Code   RO          742    .text               c_p.l(heapauxi.o)
    0x000186fc   0x0000003e   Code   RO          768    .text               c_p.l(sys_stackheap_outer.o)
    0x0001873a   0x0000000c   Code   RO          771    .text               c_p.l(exit.o)
    0x00018746   0x00000002   PAD
    0x00018748   0x00000008   Code   RO          783    .text               c_p.l(libspace.o)
    0x00018750   0x0000000c   Code   RO          838    .text               c_p.l(sys_exit.o)
    0x0001875c   0x00000002   Code   RO          857    .text               c_p.l(use_no_semi.o)
    0x0001875e   0x00000000   Code   RO          859    .text               c_p.l(indicate_semi.o)
    0x0001875e   0x0000001c   Code   RO           30    i.__ARM_common_switch8  system_nrf51.o
    0x0001877a   0x00000002   PAD
    0x0001877c   0x0000000c   Data   RO           73    .constdata          main.o
    0x00018788   0x00000020   Data   RO          908    Region$$Table       anon$$obj.o


    Execution Region RW_IRAM1 (Base: 0x20002000, Size: 0x00001a80, Max: 0x00002000, ABSOLUTE)

    Base Addr    Size         Type   Attr      Idx    E Section Name        Object

    0x20002000   0x00000004   Data   RW           13    .data               system_nrf51.o
    0x20002004   0x00000038   Data   RW           74    .data               main.o
    0x2000203c   0x0000004a   Data   RW          221    .data               ble_dis.o
    0x20002086   0x00000001   Data   RW          362    .data               ble_error_log.o
    0x20002087   0x00000001   PAD
    0x20002088   0x00000024   Data   RW          450    .data               app_timer.o
    0x200020ac   0x0000000e   Data   RW          503    .data               ble_stack_handler.o
    0x200020ba   0x00000002   PAD
    0x200020bc   0x0000001c   Data   RW          541    .data               ble_conn_params.o
    0x200020d8   0x00000017   Data   RW          577    .data               ble_bondmngr.o
    0x200020ef   0x00000001   Data   RW          641    .data               ble_flash.o
    0x200020f0   0x00000008   Data   RW          669    .data               ble_radio_notification.o
    0x200020f8   0x0000038c   Zero   RW           72    .bss                main.o
    0x20002484   0x00000188   Zero   RW          361    .bss                ble_error_log.o
    0x2000260c   0x0000001c   Zero   RW          540    .bss                ble_conn_params.o
    0x20002628   0x000003f4   Zero   RW          576    .bss                ble_bondmngr.o
    0x20002a1c   0x00000060   Zero   RW          784    .bss                c_p.l(libspace.o)
    0x20002a7c   0x00000004   PAD
    0x20002a80   0x00000800   Zero   RW            2    HEAP                arm_startup_nrf51.o
    0x20003280   0x00000800   Zero   RW            1    STACK               arm_startup_nrf51.o


==============================================================================

Image component sizes


      Code (inc. data)   RO Data    RW Data    ZI Data      Debug   Object Name

      2738        180          0         36          0      25349   app_timer.o
        72         32        192          0       4096        688   arm_startup_nrf51.o
      1492          4          0          0          0       8226   ble_advdata.o
       800         16          0          0          0      35031   ble_bas.o
      4176        204          0         23       1012      45310   ble_bondmngr.o
       776         38          0         28         28       7278   ble_conn_params.o
      1048        100          0         74          0      33771   ble_dis.o
       436         64          0          1        392       4504   ble_error_log.o
       580         22          0          1          0       4745   ble_flash.o
      1108         12          0          0          0      11802   ble_hrs.o
       108         10          0          8          0       5122   ble_radio_notification.o
       100          0          0          0          0       1147   ble_sensorsim.o
       136         58          0          0          0       1506   ble_srv_common.o
       280         70          0         14          0       9085   ble_stack_handler.o
      2648        280         12         56        908      61725   main.o
       320         80          0          4          0      21421   system_nrf51.o

    ----------------------------------------------------------------------
     16822       1170        236        248       6436     276710   Object Totals
         0          0         32          0          0          0   (incl. Generated)
         4          0          0          3          0          0   (incl. Padding)

    ----------------------------------------------------------------------

      Code (inc. data)   RO Data    RW Data    ZI Data      Debug   Library Member Name

         8          0          0          0          0         68   __main.o
        60          8          0          0          0          0   __scatter.o
        26          0          0          0          0          0   __scatter_copy.o
        28          0          0          0          0          0   __scatter_zi.o
       346          0          0          0          0         92   aeabi_sdiv.o
        12          0          0          0          0         64   exit.o
         6          0          0          0          0        136   heapauxi.o
         0          0          0          0          0          0   indicate_semi.o
         2          0          0          0          0          0   libinit.o
         6          0          0          0          0          0   libinit2.o
         2          0          0          0          0          0   libshutdown.o
         2          0          0          0          0          0   libshutdown2.o
         8          4          0          0         96         68   libspace.o
        90          0          0          0          0         68   memcmp.o
        64          0          0          0          0        108   rt_memclr.o
       186          0          0          0          0        144   rt_memcpy.o
       150          0          0          0          0        104   rt_memmove.o
         0          0          0          0          0          0   rtentry.o
        12          0          0          0          0          0   rtentry2.o
         6          0          0          0          0          0   rtentry4.o
         2          0          0          0          0          0   rtexit.o
        10          0          0          0          0          0   rtexit2.o
        68          6          0          0          0         72   strlen.o
       108          4          0          0          0         76   strncpy.o
        12          4          0          0          0         60   sys_exit.o
        62          0          0          0          0         80   sys_stackheap_outer.o
         2          0          0          0          0         68   use_no_semi.o

    ----------------------------------------------------------------------
      1286         26          0          0        100       1208   Library Totals
         8          0          0          0          4          0   (incl. Padding)

    ----------------------------------------------------------------------

      Code (inc. data)   RO Data    RW Data    ZI Data      Debug   Library Name

      1278         26          0          0         96       1208   c_p.l

    ----------------------------------------------------------------------
      1286         26          0          0        100       1208   Library Totals

    ----------------------------------------------------------------------

==============================================================================


      Code (inc. data)   RO Data    RW Data    ZI Data      Debug   

     18108       1196        236        248       6536     276234   Grand Totals
     18108       1196        236        248       6536     276234   ELF Image Totals
     18108       1196        236        248          0          0   ROM Totals

==============================================================================

    Total RO  Size (Code + RO Data)                18344 (  17.91kB)
    Total RW  Size (RW Data + ZI Data)              6784 (   6.63kB)
    Total ROM Size (Code + RO Data + RW Data)      18592 (  18.16kB)

==============================================================================

