<html>
<body>
<pre>
<h1>µVision Build Log</h1>
<h2>Project:</h2>
C:\Keil\ARM\Device\Nordic\nrf51822\Board\nrf6310\ble\ble_app_hrs\arm\ble_app_hrs.uvproj
Project File Date:  09/16/2013

<h2>Output:</h2>
Load "C:\\Keil\\ARM\\Device\\Nordic\\nrf51822\\Board\\nrf6310\\ble\\ble_app_hrs\\arm\\_build\\ble_app_hrs.axf" 
_____^
*** error 56: cannot open file
compiling main.c...
"..\main.c" - 0 Errors, 0 Warning(s).
Build target 'nrf51822_xxaa_s110 (256K)'
assembling arm_startup_nrf51.s...
compiling system_nrf51.c...
compiling ble_dis.c...
compiling ble_bas.c...
compiling ble_hrs.c...
compiling ble_error_log.c...
compiling ble_advdata.c...
compiling ble_srv_common.c...
compiling ble_sensorsim.c...
compiling app_timer.c...
compiling ble_stack_handler.c...
compiling ble_conn_params.c...
compiling ble_bondmngr.c...
compiling ble_flash.c...
compiling ble_radio_notification.c...
compiling ble_debug_assert_handler.c...
linking...
Program Size: Code=18108 RO-data=236 RW-data=248 ZI-data=6536  
FromELF: creating hex file...
".\_build\ble_app_hrs.axf" - 0 Errors, 0 Warning(s).
Rebuild target 'nrf51822_xxaa_s110 (256K)'
assembling arm_startup_nrf51.s...
compiling system_nrf51.c...
compiling main.c...
compiling ble_dis.c...
compiling ble_bas.c...
compiling ble_hrs.c...
compiling ble_error_log.c...
compiling ble_advdata.c...
compiling ble_srv_common.c...
compiling ble_sensorsim.c...
compiling app_timer.c...
compiling ble_stack_handler.c...
compiling ble_conn_params.c...
compiling ble_bondmngr.c...
compiling ble_flash.c...
compiling ble_radio_notification.c...
compiling ble_debug_assert_handler.c...
linking...
Program Size: Code=18108 RO-data=236 RW-data=248 ZI-data=6536  
FromELF: creating hex file...
".\_build\ble_app_hrs.axf" - 0 Errors, 0 Warning(s).
Load "C:\\Keil\\ARM\\Device\\Nordic\\nrf51822\\Board\\nrf6310\\ble\\ble_app_hrs\\arm\\_build\\ble_app_hrs.axf" 
Load "C:\\Keil\\ARM\\Device\\Nordic\\nrf51822\\Board\\nrf6310\\ble\\ble_app_hrs\\arm\\_build\\ble_app_hrs.axf" 
