<html>
<body>
<pre>
<h1>µVision Build Log</h1>
<h2>Project:</h2>
D:\Nordic\nrf51822-dk\punit\Nrf51422-V2\Board\pca10001\s110\ble_app_hrs\arm\ble_app_hrs.uvproj
Project File Date:  09/22/2015

<h2>Output:</h2>
compiling main.c...
..\main.c(350): warning:  #177-D: variable "err_code" was declared but never referenced
..\main.c(333): warning:  #177-D: function "gpiote1_init" was declared but never referenced
..\main.c(650): warning:  #177-D: function "gpiote_init" was declared but never referenced
..\main.c(717): warning:  #177-D: function "system_off_mode_enter" was declared but never referenced
"..\main.c" - 0 Errors, 4 Warning(s).
Build target 'nrf51822_xxaa_s110 (256K)'
linking...
Program Size: Code=17380 RO-data=248 RW-data=296 ZI-data=7432  
FromELF: creating hex file...
".\_build\ble_app_hrs.axf" - 0 Errors, 0 Warning(s).
Load "D:\\Nordic\\nrf51822-dk\\punit\\Nrf51422-V2\\Board\\pca10001\\s110\\ble_app_hrs\\arm\\_build\\ble_app_hrs.axf" 
Set JLink Project File to "D:\Nordic\nrf51822-dk\punit\Nrf51422-V2\Board\pca10001\s110\ble_app_hrs\arm\JLinkSettings.ini"
* JLink Info: Device "NRF51822_XXAA" selected (257 KB flash, 16 KB RAM).
 
JLink info:
------------
DLL: V4.92 , compiled Sep 30 2014 09:33:42
Firmware: J-Link OB-SAM3U128-V2-NordicSemi compiled Sep 18 2014 11:53:15
Hardware: V1.00
S/N : 681698481 
 
* JLink Info: Found SWD-DP with ID 0x0BB11477
* JLink Info: Found Cortex-M0 r0p0, Little endian.
* JLink Info: FPUnit: 4 code (BP) slots and 0 literal slots
ROMTableAddr = 0xE00FF003
 
Target info:
------------
Device: nRF51822_xxAA
VTarget = 3.300V
State of Pins: 
TCK: 0, TDI: 1, TDO: 1, TMS: 1, TRES: 1, TRST: 1
Hardware-Breakpoints: 4
Software-Breakpoints: 8192
Watchpoints:          2
JTAG speed: 1000 kHz
 
Erase Done.
Programming Done.
Verify OK.
Application running ...
