<html>
<body>
<pre>
<h1>µVision Build Log</h1>
<h2>Project:</h2>
E:\puneet\Nordic\NRF51822-Eval-Kit\code\BLE4.0\nrf51822\Board\pca10001\06 s110\ble_app_hrs\arm\ble_app_hrs.uvproj
Project File Date:  07/16/2014

<h2>Output:</h2>
compiling main.c...
..\main.c(211): warning:  #177-D: variable "err_code" was declared but never referenced
"..\main.c" - 0 Errors, 1 Warning(s).
Build target 'nrf51822_xxaa_s110 (256K)'
linking...
Program Size: Code=16568 RO-data=236 RW-data=316 ZI-data=6836  
FromELF: creating hex file...
".\_build\ble_app_hrs.axf" - 0 Errors, 0 Warning(s).
Rebuild target 'nrf51822_xxaa_s110 (256K)'
assembling arm_startup_nrf51.s...
compiling system_nrf51.c...
compiling main.c...
..\main.c(211): warning:  #177-D: variable "err_code" was declared but never referenced
compiling battery.c...
compiling led.c...
compiling ble_dis.c...
compiling ble_bas.c...
compiling ble_hrs.c...
..\..\..\..\..\Source\ble\ble_services\ble_hrs.c(208): warning:  #177-D: variable "encoded_initial_hrm" was declared but never referenced
..\..\..\..\..\Source\ble\ble_services\ble_hrs.c(139): warning:  #177-D: function "hrm_encode" was declared but never referenced
compiling ble_conn_params.c...
compiling ble_advdata.c...
compiling ble_srv_common.c...
compiling app_timer.c...
compiling softdevice_handler.c...
compiling ble_bondmngr.c...
compiling pstorage.c...
compiling crc16.c...
compiling app_button.c...
compiling app_gpiote.c...
compiling ble_error_log.c...
compiling ble_debug_assert_handler.c...
linking...
Program Size: Code=16568 RO-data=236 RW-data=316 ZI-data=6836  
FromELF: creating hex file...
".\_build\ble_app_hrs.axf" - 0 Errors, 3 Warning(s).
