<html>
<body>
<pre>
<h1>µVision Build Log</h1>
<h2>Tool Versions:</h2>
IDE-Version: µVision V5.22.0.0
Copyright (C) 2016 ARM Ltd and ARM Germany GmbH. All rights reserved.
License Information: Dharmesh Savani, EmbDes , LIC=MPP74-FIWC8-XUJ41-CL5L3-F38T2-19MLY
 
Tool Versions:
Toolchain:       MDK-ARM Plus  Version: 5.22
Toolchain Path:  C:\Keil_v5\ARM\ARMCC\Bin
C Compiler:      Armcc.exe V5.06 update 4 (build 422)
Assembler:       Armasm.exe V5.06 update 4 (build 422)
Linker/Locator:  ArmLink.exe V5.06 update 4 (build 422)
Library Manager: ArmAr.exe V5.06 update 4 (build 422)
Hex Converter:   FromElf.exe V5.06 update 4 (build 422)
CPU DLL:         
Dialog DLL:      
Target DLL:      Segger\JL2CM3.dll V2.99.23.0
Dialog DLL:      TARMCM1.DLL V1.11.0.0
 
<h2>Project:</h2>
E:\prathapreddy\Nordik\nRF5_SDK_12.2.0_f012efa\examples\ble_peripheral\ble_app_hrs\pca10028\s130\arm5_no_packs\ble_app_hrs_pca10028_s130.uvprojx
Project File Date:  08/19/2017

<h2>Output:</h2>
*** Using Compiler 'V5.06 update 4 (build 422)', folder: 'C:\Keil_v5\ARM\ARMCC\Bin'
Rebuild target 'nrf51422_xxac'
compiling lm75b.c...
compiling boards.c...
compiling bsp.c...
compiling bsp_btn_ble.c...
compiling main.c...
..\..\..\main.c(132): warning:  #47-D: incompatible redefinition of macro "LM75B_GET_TEMPERATURE_VALUE_"  (declared at line 39 of "..\config\lm75b.h")
  #define LM75B_GET_TEMPERATURE_VALUE_(temp_hi, temp_lo) \
..\..\..\main.c(491): warning:  #177-D: variable "transaction"  was declared but never referenced
      static app_twi_transaction_t const transaction =
..\..\..\main.c(514): warning:  #550-D: variable "err_code"  was set but never used
      uint32_t err_code;
..\..\..\main.c(532): warning:  #177-D: variable "heart_rate"  was declared but never referenced
  	uint16_t        heart_rate;
..\..\..\main.c(533): warning:  #177-D: variable "temp_hi"  was declared but never referenced
  	uint8_t temp_hi = m_buffer[0];
..\..\..\main.c(534): warning:  #177-D: variable "temp_lo"  was declared but never referenced
      uint8_t temp_lo = m_buffer[1];
..\..\..\main.c(1465): warning:  #177-D: variable "detected_device"  was declared but never referenced
  	  bool detected_device;
..\..\..\main.c(512): warning:  #177-D: function "rtc_config"  was declared but never referenced
  static void rtc_config(void)
..\..\..\main.c(1215): warning:  #177-D: function "power_manage"  was declared but never referenced
  static void power_manage(void)
..\..\..\main.c(1419): warning:  #177-D: function "lfclk_config"  was declared but never referenced
  static void lfclk_config(void)
..\..\..\main.c: 10 warnings, 0 errors
compiling bsp_nfc.c...
compiling ble_advdata.c...
compiling ble_advertising.c...
compiling ble_conn_params.c...
compiling ble_conn_state.c...
compiling ble_srv_common.c...
compiling gatt_cache_manager.c...
compiling gatts_cache_manager.c...
compiling id_manager.c...
compiling nrf_ble_gatt.c...
compiling peer_data.c...
compiling peer_data_storage.c...
compiling peer_database.c...
compiling peer_id.c...
compiling pm_buffer.c...
compiling pm_mutex.c...
compiling peer_manager.c...
compiling security_dispatcher.c...
compiling ble_bas.c...
compiling security_manager.c...
compiling ble_dis.c...
compiling ble_hrs.c...
compiling nrf_drv_clock.c...
compiling nrf_drv_common.c...
compiling nrf_drv_gpiote.c...
compiling nrf_drv_uart.c...
compiling nrf_drv_rtc.c...
compiling nrf_drv_twi.c...
compiling app_button.c...
compiling app_error.c...
compiling app_error_weak.c...
compiling app_util_platform.c...
compiling app_timer.c...
compiling crc16.c...
compiling fstorage.c...
compiling hardfault_implementation.c...
compiling sdk_errors.c...
compiling fds.c...
compiling sensorsim.c...
compiling nrf_assert.c...
compiling sdk_mapped_flags.c...
compiling app_twi.c...
compiling RTT_Syscalls_KEIL.c...
compiling nrf_log_backend_serial.c...
compiling SEGGER_RTT_printf.c...
compiling nrf_log_frontend.c...
assembling arm_startup_nrf51.s...
compiling SEGGER_RTT.c...
compiling system_nrf51.c...
compiling softdevice_handler.c...
linking...
Program Size: Code=36844 RO-data=844 RW-data=488 ZI-data=6416  
FromELF: creating hex file...
".\_build\nrf51422_xxac.axf" - 0 Error(s), 10 Warning(s).

<h2>Software Packages used:</h2>

Package Vendor: ARM
                http://www.keil.com/pack/ARM.CMSIS.4.5.0.pack
                ARM::CMSIS:CORE:4.3.0
                CMSIS (Cortex Microcontroller Software Interface Standard)
   * Component: CORE Version: 4.3.0

Package Vendor: NordicSemiconductor
                http://developer.nordicsemi.com/nRF5_SDK/pieces/nRF_DeviceFamilyPack/NordicSemiconductor.nRF_DeviceFamilyPack.8.11.1.pack
                NordicSemiconductor::Device:Startup:8.11.1
                Nordic Semiconductor nRF ARM devices Device Family Pack.
   * Component: Startup Version: 8.11.1

<h2>Collection of Component include folders:</h2>
  E:\prathapreddy\Nordik\nRF5_SDK_12.2.0_f012efa\examples\ble_peripheral\ble_app_hrs\pca10028\s130\arm5_no_packs\RTE\_nrf51422_xxac
  C:\Keil_v5\ARM\PACK\ARM\CMSIS\4.5.0\CMSIS\Include
  C:\Keil_v5\ARM\PACK\NordicSemiconductor\nRF_DeviceFamilyPack\8.11.1\Device\Include

<h2>Collection of Component Files used:</h2>

   * Component: ARM::CMSIS:CORE:4.3.0

   * Component: NordicSemiconductor::Device:Startup:8.11.1
      Source file:   Device\Source\arm\arm_startup_nrf51.s
      Include file:  Device\Include\system_nrf51.h
      Source file:   Device\Source\system_nrf51.c
Build Time Elapsed:  00:00:23
</pre>
</body>
</html>
