<html>
<body>
<pre>
<h1>µVision Build Log</h1>
<h2>Project:</h2>
D:\Nordic\nrf51822\Board\pca10001\06 s110\ble_app_hrs\arm\ble_app_hrs.uvproj
Project File Date:  07/16/2014

<h2>Output:</h2>
compiling main.c...
..\main.c(211): warning:  #177-D: variable "err_code" was declared but never referenced
"..\main.c" - 0 Errors, 1 Warning(s).
Build target 'nrf51822_xxaa_s110 (256K)'
linking...
Program Size: Code=16568 RO-data=236 RW-data=316 ZI-data=6836  
FromELF: creating hex file...
".\_build\ble_app_hrs.axf" - 0 Errors, 0 Warning(s).
Rebuild target 'nrf51822_xxaa_s110 (256K)'
assembling arm_startup_nrf51.s...
compiling system_nrf51.c...
compiling main.c...
..\main.c(211): warning:  #177-D: variable "err_code" was declared but never referenced
compiling battery.c...
compiling led.c...
compiling ble_dis.c...
compiling ble_bas.c...
compiling ble_hrs.c...
..\..\..\..\..\Source\ble\ble_services\ble_hrs.c(208): warning:  #177-D: variable "encoded_initial_hrm" was declared but never referenced
..\..\..\..\..\Source\ble\ble_services\ble_hrs.c(139): warning:  #177-D: function "hrm_encode" was declared but never referenced
compiling ble_conn_params.c...
compiling ble_advdata.c...
compiling ble_srv_common.c...
compiling app_timer.c...
compiling softdevice_handler.c...
compiling ble_bondmngr.c...
compiling pstorage.c...
compiling crc16.c...
compiling app_button.c...
compiling app_gpiote.c...
compiling ble_error_log.c...
compiling ble_debug_assert_handler.c...
linking...
Program Size: Code=16568 RO-data=236 RW-data=316 ZI-data=6836  
FromELF: creating hex file...
".\_build\ble_app_hrs.axf" - 0 Errors, 3 Warning(s).
compiling main.c...
..\main.c(211): warning:  #177-D: variable "err_code" was declared but never referenced
"..\main.c" - 0 Errors, 1 Warning(s).
Build target 'nrf51822_xxaa_s110 (256K)'
linking...
Program Size: Code=16536 RO-data=236 RW-data=316 ZI-data=6836  
FromELF: creating hex file...
".\_build\ble_app_hrs.axf" - 0 Errors, 0 Warning(s).
Rebuild target 'nrf51822_xxaa_s110 (256K)'
assembling arm_startup_nrf51.s...
compiling system_nrf51.c...
compiling main.c...
..\main.c(211): warning:  #177-D: variable "err_code" was declared but never referenced
compiling battery.c...
compiling led.c...
compiling ble_dis.c...
compiling ble_bas.c...
compiling ble_hrs.c...
..\..\..\..\..\Source\ble\ble_services\ble_hrs.c(208): warning:  #177-D: variable "encoded_initial_hrm" was declared but never referenced
..\..\..\..\..\Source\ble\ble_services\ble_hrs.c(139): warning:  #177-D: function "hrm_encode" was declared but never referenced
compiling ble_conn_params.c...
compiling ble_advdata.c...
compiling ble_srv_common.c...
compiling app_timer.c...
compiling softdevice_handler.c...
compiling ble_bondmngr.c...
compiling pstorage.c...
compiling crc16.c...
compiling app_button.c...
compiling app_gpiote.c...
compiling ble_error_log.c...
compiling ble_debug_assert_handler.c...
linking...
Program Size: Code=16536 RO-data=236 RW-data=316 ZI-data=6836  
FromELF: creating hex file...
".\_build\ble_app_hrs.axf" - 0 Errors, 3 Warning(s).
Load "D:\\Nordic\\nrf51822\\Board\\pca10001\\06 s110\\ble_app_hrs\\arm\\_build\\ble_app_hrs.axf" 
Set JLink Project File to "D:\Nordic\nrf51822\Board\pca10001\06 s110\ble_app_hrs\arm\JLinkSettings.ini"
* JLink Info: Device "NRF51822_XXAA" selected (257 KB flash, 16 KB RAM).
 
JLink info:
------------
DLL: V4.92 , compiled Sep 30 2014 09:33:42
Firmware: J-Link OB-SAM3U128 V1 compiled Aug 22 2014 17:25:44
Hardware: V1.00
S/N : 480206003 
 
* JLink Info: Found SWD-DP with ID 0x0BB11477
* JLink Info: Found Cortex-M0 r0p0, Little endian.
* JLink Info: FPUnit: 4 code (BP) slots and 0 literal slots
ROMTableAddr = 0xE00FF003
 
Target info:
------------
Device: nRF51822_xxAA
VTarget = 3.300V
State of Pins: 
TCK: 0, TDI: 0, TDO: 1, TMS: 1, TRES: 1, TRST: 1
Hardware-Breakpoints: 4
Software-Breakpoints: 8192
Watchpoints:          2
JTAG speed: 2000 kHz
 
Erase Done.
Programming Failed!
Load "D:\\Nordic\\nrf51822\\Board\\pca10001\\06 s110\\ble_app_hrs\\arm\\_build\\ble_app_hrs.axf" 
Set JLink Project File to "D:\Nordic\nrf51822\Board\pca10001\06 s110\ble_app_hrs\arm\JLinkSettings.ini"
* JLink Info: Device "NRF51822_XXAA" selected (257 KB flash, 16 KB RAM).
 
JLink info:
------------
DLL: V4.92 , compiled Sep 30 2014 09:33:42
Firmware: J-Link OB-SAM3U128 V1 compiled Aug 22 2014 17:25:44
Hardware: V1.00
S/N : 480206003 
 
* JLink Info: Found SWD-DP with ID 0x0BB11477
* JLink Info: Found Cortex-M0 r0p0, Little endian.
* JLink Info: FPUnit: 4 code (BP) slots and 0 literal slots
ROMTableAddr = 0xE00FF003
 
Target info:
------------
Device: nRF51822_xxAA
VTarget = 3.300V
State of Pins: 
TCK: 0, TDI: 0, TDO: 1, TMS: 1, TRES: 1, TRST: 1
Hardware-Breakpoints: 4
Software-Breakpoints: 8192
Watchpoints:          2
JTAG speed: 2000 kHz
 
Erase Done.
Programming Failed!
Load "D:\\Nordic\\nrf51822\\Board\\pca10001\\06 s110\\ble_app_hrs\\arm\\_build\\ble_app_hrs.axf" 
Set JLink Project File to "D:\Nordic\nrf51822\Board\pca10001\06 s110\ble_app_hrs\arm\JLinkSettings.ini"
* JLink Info: Device "NRF51822_XXAA" selected (257 KB flash, 16 KB RAM).
 
JLink info:
------------
DLL: V4.92 , compiled Sep 30 2014 09:33:42
Firmware: J-Link OB-SAM3U128 V1 compiled Aug 22 2014 17:25:44
Hardware: V1.00
S/N : 480206003 
 
* JLink Info: Found SWD-DP with ID 0x0BB11477
* JLink Info: Found Cortex-M0 r0p0, Little endian.
* JLink Info: FPUnit: 4 code (BP) slots and 0 literal slots
ROMTableAddr = 0xE00FF003
 
Target info:
------------
Device: nRF51822_xxAA
VTarget = 3.300V
State of Pins: 
TCK: 0, TDI: 0, TDO: 1, TMS: 1, TRES: 1, TRST: 1
Hardware-Breakpoints: 4
Software-Breakpoints: 8192
Watchpoints:          2
JTAG speed: 10000 kHz
 
Erase Done.
Programming Failed!
Load "D:\\Nordic\\nrf51822\\Board\\pca10001\\06 s110\\ble_app_hrs\\arm\\_build\\ble_app_hrs.axf" 
Set JLink Project File to "D:\Nordic\nrf51822\Board\pca10001\06 s110\ble_app_hrs\arm\JLinkSettings.ini"
* JLink Info: Device "NRF51822_XXAA" selected (257 KB flash, 16 KB RAM).
 
JLink info:
------------
DLL: V4.92 , compiled Sep 30 2014 09:33:42
Firmware: J-Link OB-SAM3U128 V1 compiled Aug 22 2014 17:25:44
Hardware: V1.00
S/N : 480206003 
 
* JLink Info: Found SWD-DP with ID 0x0BB11477
* JLink Info: Found Cortex-M0 r0p0, Little endian.
* JLink Info: FPUnit: 4 code (BP) slots and 0 literal slots
ROMTableAddr = 0xE00FF003
 
Target info:
------------
Device: nRF51822_xxAA
VTarget = 3.300V
State of Pins: 
TCK: 0, TDI: 0, TDO: 1, TMS: 1, TRES: 1, TRST: 1
Hardware-Breakpoints: 4
Software-Breakpoints: 8192
Watchpoints:          2
JTAG speed: 10000 kHz
 
Erase Done.
Programming Failed!
Load "D:\\Nordic\\nrf51822\\Board\\pca10001\\06 s110\\ble_app_hrs\\arm\\_build\\ble_app_hrs.axf" 
Set JLink Project File to "D:\Nordic\nrf51822\Board\pca10001\06 s110\ble_app_hrs\arm\JLinkSettings.ini"
* JLink Info: Device "NRF51822_XXAA" selected (257 KB flash, 16 KB RAM).
 
JLink info:
------------
DLL: V4.92 , compiled Sep 30 2014 09:33:42
Firmware: J-Link OB-SAM3U128 V1 compiled Aug 22 2014 17:25:44
Hardware: V1.00
S/N : 480206003 
 
* JLink Info: Found SWD-DP with ID 0x0BB11477
* JLink Info: Found Cortex-M0 r0p0, Little endian.
* JLink Info: FPUnit: 4 code (BP) slots and 0 literal slots
ROMTableAddr = 0xE00FF003
 
Target info:
------------
Device: nRF51822_xxAA
VTarget = 3.300V
State of Pins: 
TCK: 0, TDI: 0, TDO: 1, TMS: 1, TRES: 1, TRST: 1
Hardware-Breakpoints: 4
Software-Breakpoints: 8192
Watchpoints:          2
JTAG speed: 10000 kHz
 
Erase Done.
Programming Failed!
compiling main.c...
..\main.c(211): warning:  #177-D: variable "err_code" was declared but never referenced
"..\main.c" - 0 Errors, 1 Warning(s).
Build target 'nrf51822_xxaa_s110 (256K)'
linking...
Program Size: Code=16536 RO-data=236 RW-data=316 ZI-data=6836  
FromELF: creating hex file...
".\_build\ble_app_hrs.axf" - 0 Errors, 0 Warning(s).
Rebuild target 'nrf51822_xxaa_s110 (256K)'
assembling arm_startup_nrf51.s...
compiling system_nrf51.c...
compiling main.c...
..\main.c(211): warning:  #177-D: variable "err_code" was declared but never referenced
compiling battery.c...
compiling led.c...
compiling ble_dis.c...
compiling ble_bas.c...
compiling ble_hrs.c...
..\..\..\..\..\Source\ble\ble_services\ble_hrs.c(208): warning:  #177-D: variable "encoded_initial_hrm" was declared but never referenced
..\..\..\..\..\Source\ble\ble_services\ble_hrs.c(139): warning:  #177-D: function "hrm_encode" was declared but never referenced
compiling ble_conn_params.c...
compiling ble_advdata.c...
compiling ble_srv_common.c...
compiling app_timer.c...
compiling softdevice_handler.c...
compiling ble_bondmngr.c...
compiling pstorage.c...
compiling crc16.c...
compiling app_button.c...
compiling app_gpiote.c...
compiling ble_error_log.c...
compiling ble_debug_assert_handler.c...
linking...
Program Size: Code=16536 RO-data=236 RW-data=316 ZI-data=6836  
FromELF: creating hex file...
".\_build\ble_app_hrs.axf" - 0 Errors, 3 Warning(s).
Load "D:\\Nordic\\nrf51822\\Board\\pca10001\\06 s110\\ble_app_hrs\\arm\\_build\\ble_app_hrs.axf" 
Set JLink Project File to "D:\Nordic\nrf51822\Board\pca10001\06 s110\ble_app_hrs\arm\JLinkSettings.ini"
* JLink Info: Device "NRF51822_XXAA" selected (257 KB flash, 16 KB RAM).
 
JLink info:
------------
DLL: V4.92 , compiled Sep 30 2014 09:33:42
Firmware: J-Link OB-SAM3U128 V1 compiled Aug 22 2014 17:25:44
Hardware: V1.00
S/N : 480206003 
 
* JLink Info: Found SWD-DP with ID 0x0BB11477
* JLink Info: Found Cortex-M0 r0p0, Little endian.
* JLink Info: FPUnit: 4 code (BP) slots and 0 literal slots
ROMTableAddr = 0xE00FF003
 
Target info:
------------
Device: nRF51822_xxAA
VTarget = 3.300V
State of Pins: 
TCK: 0, TDI: 0, TDO: 1, TMS: 1, TRES: 1, TRST: 1
Hardware-Breakpoints: 4
Software-Breakpoints: 8192
Watchpoints:          2
JTAG speed: 10000 kHz
 
Erase Done.
Programming Failed!
Load "D:\\Nordic\\nrf51822\\Board\\pca10001\\06 s110\\ble_app_hrs\\arm\\_build\\ble_app_hrs.axf" 
Set JLink Project File to "D:\Nordic\nrf51822\Board\pca10001\06 s110\ble_app_hrs\arm\JLinkSettings.ini"
* JLink Info: Device "NRF51822_XXAA" selected (257 KB flash, 16 KB RAM).
 
JLink info:
------------
DLL: V4.92 , compiled Sep 30 2014 09:33:42
Firmware: J-Link OB-SAM3U128 V1 compiled Aug 22 2014 17:25:44
Hardware: V1.00
S/N : 480206003 
 
* JLink Info: Found SWD-DP with ID 0x0BB11477
* JLink Info: Found Cortex-M0 r0p0, Little endian.
* JLink Info: FPUnit: 4 code (BP) slots and 0 literal slots
ROMTableAddr = 0xE00FF003
 
Target info:
------------
Device: nRF51822_xxAA
VTarget = 3.300V
State of Pins: 
TCK: 0, TDI: 0, TDO: 1, TMS: 1, TRES: 1, TRST: 1
Hardware-Breakpoints: 4
Software-Breakpoints: 8192
Watchpoints:          2
JTAG speed: 10000 kHz
 
Erase Done.
Programming Done.
Verify OK.
Application running ...
Load "D:\\Nordic\\nrf51822\\Board\\pca10001\\06 s110\\ble_app_hrs\\arm\\_build\\ble_app_hrs.axf" 
Set JLink Project File to "D:\Nordic\nrf51822\Board\pca10001\06 s110\ble_app_hrs\arm\JLinkSettings.ini"
* JLink Info: Device "NRF51822_XXAA" selected (257 KB flash, 16 KB RAM).
 
JLink info:
------------
DLL: V4.92 , compiled Sep 30 2014 09:33:42
Firmware: J-Link OB-SAM3U128 V1 compiled Aug 22 2014 17:25:44
Hardware: V1.00
S/N : 480206133 
 
* JLink Info: Found SWD-DP with ID 0x0BB11477
* JLink Info: Found Cortex-M0 r0p0, Little endian.
* JLink Info: FPUnit: 4 code (BP) slots and 0 literal slots
ROMTableAddr = 0xE00FF003
 
Target info:
------------
Device: nRF51822_xxAA
VTarget = 3.300V
State of Pins: 
TCK: 0, TDI: 0, TDO: 1, TMS: 1, TRES: 1, TRST: 1
Hardware-Breakpoints: 4
Software-Breakpoints: 8192
Watchpoints:          2
JTAG speed: 10000 kHz
 
Erase Done.
Programming Failed!
Load "D:\\Nordic\\nrf51822\\Board\\pca10001\\06 s110\\ble_app_hrs\\arm\\_build\\ble_app_hrs.axf" 
Set JLink Project File to "D:\Nordic\nrf51822\Board\pca10001\06 s110\ble_app_hrs\arm\JLinkSettings.ini"
* JLink Info: Device "NRF51822_XXAA" selected (257 KB flash, 16 KB RAM).
 
JLink info:
------------
DLL: V4.92 , compiled Sep 30 2014 09:33:42
Firmware: J-Link OB-SAM3U128 V1 compiled Aug 22 2014 17:25:44
Hardware: V1.00
S/N : 480206133 
 
* JLink Info: Found SWD-DP with ID 0x0BB11477
* JLink Info: Found Cortex-M0 r0p0, Little endian.
* JLink Info: FPUnit: 4 code (BP) slots and 0 literal slots
ROMTableAddr = 0xE00FF003
 
Target info:
------------
Device: nRF51822_xxAA
VTarget = 3.300V
State of Pins: 
TCK: 0, TDI: 0, TDO: 1, TMS: 1, TRES: 1, TRST: 1
Hardware-Breakpoints: 4
Software-Breakpoints: 8192
Watchpoints:          2
JTAG speed: 10000 kHz
 
Erase Done.
Programming Done.
Verify OK.
Application running ...
compiling main.c...
..\main.c(211): warning:  #177-D: variable "err_code" was declared but never referenced
"..\main.c" - 0 Errors, 1 Warning(s).
Build target 'nrf51822_xxaa_s110 (256K)'
linking...
Program Size: Code=16564 RO-data=236 RW-data=316 ZI-data=6836  
FromELF: creating hex file...
".\_build\ble_app_hrs.axf" - 0 Errors, 0 Warning(s).
Load "D:\\Nordic\\nrf51822\\Board\\pca10001\\06 s110\\ble_app_hrs\\arm\\_build\\ble_app_hrs.axf" 
Set JLink Project File to "D:\Nordic\nrf51822\Board\pca10001\06 s110\ble_app_hrs\arm\JLinkSettings.ini"
* JLink Info: Device "NRF51822_XXAA" selected (257 KB flash, 16 KB RAM).
 
JLink info:
------------
DLL: V4.92 , compiled Sep 30 2014 09:33:42
Firmware: J-Link OB-SAM3U128 V1 compiled Aug 22 2014 17:25:44
Hardware: V1.00
S/N : 480206133 
 
* JLink Info: Found SWD-DP with ID 0x0BB11477
* JLink Info: Found Cortex-M0 r0p0, Little endian.
* JLink Info: FPUnit: 4 code (BP) slots and 0 literal slots
ROMTableAddr = 0xE00FF003
 
Target info:
------------
Device: nRF51822_xxAA
VTarget = 3.300V
State of Pins: 
TCK: 0, TDI: 0, TDO: 1, TMS: 1, TRES: 1, TRST: 1
Hardware-Breakpoints: 4
Software-Breakpoints: 8192
Watchpoints:          2
JTAG speed: 10000 kHz
 
Erase Done.
Programming Done.
Verify OK.
Application running ...
compiling main.c...
..\main.c(211): warning:  #177-D: variable "err_code" was declared but never referenced
"..\main.c" - 0 Errors, 1 Warning(s).
Build target 'nrf51822_xxaa_s110 (256K)'
linking...
Program Size: Code=16560 RO-data=236 RW-data=316 ZI-data=6836  
FromELF: creating hex file...
".\_build\ble_app_hrs.axf" - 0 Errors, 0 Warning(s).
Load "D:\\Nordic\\nrf51822\\Board\\pca10001\\06 s110\\ble_app_hrs\\arm\\_build\\ble_app_hrs.axf" 
Set JLink Project File to "D:\Nordic\nrf51822\Board\pca10001\06 s110\ble_app_hrs\arm\JLinkSettings.ini"
* JLink Info: Device "NRF51822_XXAA" selected (257 KB flash, 16 KB RAM).
 
JLink info:
------------
DLL: V4.92 , compiled Sep 30 2014 09:33:42
Firmware: J-Link OB-SAM3U128 V1 compiled Aug 22 2014 17:25:44
Hardware: V1.00
S/N : 480206133 
 
* JLink Info: Found SWD-DP with ID 0x0BB11477
* JLink Info: Found Cortex-M0 r0p0, Little endian.
* JLink Info: FPUnit: 4 code (BP) slots and 0 literal slots
ROMTableAddr = 0xE00FF003
 
Target info:
------------
Device: nRF51822_xxAA
VTarget = 3.300V
State of Pins: 
TCK: 0, TDI: 0, TDO: 1, TMS: 1, TRES: 1, TRST: 1
Hardware-Breakpoints: 4
Software-Breakpoints: 8192
Watchpoints:          2
JTAG speed: 10000 kHz
 
Erase Done.
Programming Done.
Verify OK.
Application running ...
compiling main.c...
..\main.c(211): warning:  #177-D: variable "err_code" was declared but never referenced
"..\main.c" - 0 Errors, 1 Warning(s).
Build target 'nrf51822_xxaa_s110 (256K)'
linking...
Program Size: Code=16600 RO-data=236 RW-data=316 ZI-data=6836  
FromELF: creating hex file...
".\_build\ble_app_hrs.axf" - 0 Errors, 0 Warning(s).
Load "D:\\Nordic\\nrf51822\\Board\\pca10001\\06 s110\\ble_app_hrs\\arm\\_build\\ble_app_hrs.axf" 
Set JLink Project File to "D:\Nordic\nrf51822\Board\pca10001\06 s110\ble_app_hrs\arm\JLinkSettings.ini"
* JLink Info: Device "NRF51822_XXAA" selected (257 KB flash, 16 KB RAM).
 
JLink info:
------------
DLL: V4.92 , compiled Sep 30 2014 09:33:42
Firmware: J-Link OB-SAM3U128 V1 compiled Aug 22 2014 17:25:44
Hardware: V1.00
S/N : 480206133 
 
* JLink Info: Found SWD-DP with ID 0x0BB11477
* JLink Info: Found Cortex-M0 r0p0, Little endian.
* JLink Info: FPUnit: 4 code (BP) slots and 0 literal slots
ROMTableAddr = 0xE00FF003
 
Target info:
------------
Device: nRF51822_xxAA
VTarget = 3.300V
State of Pins: 
TCK: 0, TDI: 0, TDO: 1, TMS: 1, TRES: 1, TRST: 1
Hardware-Breakpoints: 4
Software-Breakpoints: 8192
Watchpoints:          2
JTAG speed: 10000 kHz
 
Erase Done.
Programming Done.
Verify OK.
Application running ...
compiling main.c...
..\main.c(211): warning:  #177-D: variable "err_code" was declared but never referenced
"..\main.c" - 0 Errors, 1 Warning(s).
Build target 'nrf51822_xxaa_s110 (256K)'
linking...
Program Size: Code=16600 RO-data=236 RW-data=316 ZI-data=6836  
FromELF: creating hex file...
".\_build\ble_app_hrs.axf" - 0 Errors, 0 Warning(s).
Rebuild target 'nrf51822_xxaa_s110 (256K)'
assembling arm_startup_nrf51.s...
compiling system_nrf51.c...
compiling main.c...
..\main.c(211): warning:  #177-D: variable "err_code" was declared but never referenced
compiling battery.c...
compiling led.c...
compiling ble_dis.c...
compiling ble_bas.c...
compiling ble_hrs.c...
..\..\..\..\..\Source\ble\ble_services\ble_hrs.c(208): warning:  #177-D: variable "encoded_initial_hrm" was declared but never referenced
..\..\..\..\..\Source\ble\ble_services\ble_hrs.c(139): warning:  #177-D: function "hrm_encode" was declared but never referenced
compiling ble_conn_params.c...
compiling ble_advdata.c...
compiling ble_srv_common.c...
compiling app_timer.c...
compiling softdevice_handler.c...
compiling ble_bondmngr.c...
compiling pstorage.c...
compiling crc16.c...
compiling app_button.c...
compiling app_gpiote.c...
compiling ble_error_log.c...
compiling ble_debug_assert_handler.c...
linking...
Program Size: Code=16600 RO-data=236 RW-data=316 ZI-data=6836  
FromELF: creating hex file...
".\_build\ble_app_hrs.axf" - 0 Errors, 3 Warning(s).
Load "D:\\Nordic\\nrf51822\\Board\\pca10001\\06 s110\\ble_app_hrs\\arm\\_build\\ble_app_hrs.axf" 
Set JLink Project File to "D:\Nordic\nrf51822\Board\pca10001\06 s110\ble_app_hrs\arm\JLinkSettings.ini"
* JLink Info: Device "NRF51822_XXAA" selected (257 KB flash, 16 KB RAM).
 
JLink info:
------------
DLL: V4.92 , compiled Sep 30 2014 09:33:42
Firmware: J-Link OB-SAM3U128 V1 compiled Aug 22 2014 17:25:44
Hardware: V1.00
S/N : 480206133 
 
* JLink Info: Found SWD-DP with ID 0x0BB11477
* JLink Info: Found Cortex-M0 r0p0, Little endian.
* JLink Info: FPUnit: 4 code (BP) slots and 0 literal slots
ROMTableAddr = 0xE00FF003
 
Target info:
------------
Device: nRF51822_xxAA
VTarget = 3.300V
State of Pins: 
TCK: 0, TDI: 0, TDO: 1, TMS: 1, TRES: 1, TRST: 1
Hardware-Breakpoints: 4
Software-Breakpoints: 8192
Watchpoints:          2
JTAG speed: 10000 kHz
 
Erase Done.
Programming Done.
Verify OK.
Application running ...
compiling led.c...
"..\led.c" - 0 Errors, 0 Warning(s).
Build target 'nrf51822_xxaa_s110 (256K)'
linking...
Program Size: Code=16600 RO-data=236 RW-data=316 ZI-data=6836  
FromELF: creating hex file...
".\_build\ble_app_hrs.axf" - 0 Errors, 0 Warning(s).
Load "D:\\Nordic\\nrf51822\\Board\\pca10001\\06 s110\\ble_app_hrs\\arm\\_build\\ble_app_hrs.axf" 
Set JLink Project File to "D:\Nordic\nrf51822\Board\pca10001\06 s110\ble_app_hrs\arm\JLinkSettings.ini"
* JLink Info: Device "NRF51822_XXAA" selected (257 KB flash, 16 KB RAM).
 
JLink info:
------------
DLL: V4.92 , compiled Sep 30 2014 09:33:42
Firmware: J-Link OB-SAM3U128 V1 compiled Aug 22 2014 17:25:44
Hardware: V1.00
S/N : 480206133 
 
* JLink Info: Found SWD-DP with ID 0x0BB11477
* JLink Info: Found Cortex-M0 r0p0, Little endian.
* JLink Info: FPUnit: 4 code (BP) slots and 0 literal slots
ROMTableAddr = 0xE00FF003
 
Target info:
------------
Device: nRF51822_xxAA
VTarget = 3.300V
State of Pins: 
TCK: 0, TDI: 0, TDO: 1, TMS: 1, TRES: 1, TRST: 1
Hardware-Breakpoints: 4
Software-Breakpoints: 8192
Watchpoints:          2
JTAG speed: 10000 kHz
 
Erase Done.
Programming Done.
Verify OK.
Application running ...
compiling main.c...
..\main.c(211): warning:  #177-D: variable "err_code" was declared but never referenced
"..\main.c" - 0 Errors, 1 Warning(s).
Build target 'nrf51822_xxaa_s110 (256K)'
compiling led.c...
linking...
Program Size: Code=16600 RO-data=236 RW-data=316 ZI-data=6836  
FromELF: creating hex file...
".\_build\ble_app_hrs.axf" - 0 Errors, 0 Warning(s).
Load "D:\\Nordic\\nrf51822\\Board\\pca10001\\06 s110\\ble_app_hrs\\arm\\_build\\ble_app_hrs.axf" 
Set JLink Project File to "D:\Nordic\nrf51822\Board\pca10001\06 s110\ble_app_hrs\arm\JLinkSettings.ini"
* JLink Info: Device "NRF51822_XXAA" selected (257 KB flash, 16 KB RAM).
 
JLink info:
------------
DLL: V4.92 , compiled Sep 30 2014 09:33:42
Firmware: J-Link OB-SAM3U128 V1 compiled Aug 22 2014 17:25:44
Hardware: V1.00
S/N : 480206133 
 
* JLink Info: Found SWD-DP with ID 0x0BB11477
* JLink Info: Found Cortex-M0 r0p0, Little endian.
* JLink Info: FPUnit: 4 code (BP) slots and 0 literal slots
ROMTableAddr = 0xE00FF003
 
Target info:
------------
Device: nRF51822_xxAA
VTarget = 3.300V
State of Pins: 
TCK: 0, TDI: 0, TDO: 1, TMS: 1, TRES: 1, TRST: 1
Hardware-Breakpoints: 4
Software-Breakpoints: 8192
Watchpoints:          2
JTAG speed: 10000 kHz
 
Erase Done.
Programming Done.
Verify OK.
Application running ...
compiling main.c...
..\main.c(211): warning:  #177-D: variable "err_code" was declared but never referenced
"..\main.c" - 0 Errors, 1 Warning(s).
Build target 'nrf51822_xxaa_s110 (256K)'
linking...
Program Size: Code=16600 RO-data=236 RW-data=316 ZI-data=6836  
FromELF: creating hex file...
".\_build\ble_app_hrs.axf" - 0 Errors, 0 Warning(s).
Load "D:\\Nordic\\nrf51822\\Board\\pca10001\\06 s110\\ble_app_hrs\\arm\\_build\\ble_app_hrs.axf" 
Set JLink Project File to "D:\Nordic\nrf51822\Board\pca10001\06 s110\ble_app_hrs\arm\JLinkSettings.ini"
* JLink Info: Device "NRF51822_XXAA" selected (257 KB flash, 16 KB RAM).
 
JLink info:
------------
DLL: V4.92 , compiled Sep 30 2014 09:33:42
Firmware: J-Link OB-SAM3U128 V1 compiled Aug 22 2014 17:25:44
Hardware: V1.00
S/N : 480206133 
 
* JLink Info: Found SWD-DP with ID 0x0BB11477
* JLink Info: Found Cortex-M0 r0p0, Little endian.
* JLink Info: FPUnit: 4 code (BP) slots and 0 literal slots
ROMTableAddr = 0xE00FF003
 
Target info:
------------
Device: nRF51822_xxAA
VTarget = 3.300V
State of Pins: 
TCK: 0, TDI: 0, TDO: 1, TMS: 1, TRES: 1, TRST: 1
Hardware-Breakpoints: 4
Software-Breakpoints: 8192
Watchpoints:          2
JTAG speed: 10000 kHz
 
Erase Done.
Programming Done.
Verify OK.
Application running ...
compiling main.c...
..\main.c(211): warning:  #177-D: variable "err_code" was declared but never referenced
"..\main.c" - 0 Errors, 1 Warning(s).
Build target 'nrf51822_xxaa_s110 (256K)'
linking...
Program Size: Code=16620 RO-data=236 RW-data=316 ZI-data=6836  
FromELF: creating hex file...
".\_build\ble_app_hrs.axf" - 0 Errors, 0 Warning(s).
Load "D:\\Nordic\\nrf51822\\Board\\pca10001\\06 s110\\ble_app_hrs\\arm\\_build\\ble_app_hrs.axf" 
Set JLink Project File to "D:\Nordic\nrf51822\Board\pca10001\06 s110\ble_app_hrs\arm\JLinkSettings.ini"
* JLink Info: Device "NRF51822_XXAA" selected (257 KB flash, 16 KB RAM).
 
JLink info:
------------
DLL: V4.92 , compiled Sep 30 2014 09:33:42
Firmware: J-Link OB-SAM3U128 V1 compiled Aug 22 2014 17:25:44
Hardware: V1.00
S/N : 480206133 
 
* JLink Info: Found SWD-DP with ID 0x0BB11477
* JLink Info: Found Cortex-M0 r0p0, Little endian.
* JLink Info: FPUnit: 4 code (BP) slots and 0 literal slots
ROMTableAddr = 0xE00FF003
 
Target info:
------------
Device: nRF51822_xxAA
VTarget = 3.300V
State of Pins: 
TCK: 0, TDI: 0, TDO: 1, TMS: 1, TRES: 1, TRST: 1
Hardware-Breakpoints: 4
Software-Breakpoints: 8192
Watchpoints:          2
JTAG speed: 10000 kHz
 
Erase Done.
Programming Done.
Verify OK.
Application running ...
compiling main.c...
..\main.c(211): warning:  #177-D: variable "err_code" was declared but never referenced
"..\main.c" - 0 Errors, 1 Warning(s).
Build target 'nrf51822_xxaa_s110 (256K)'
linking...
Program Size: Code=16608 RO-data=236 RW-data=316 ZI-data=6836  
FromELF: creating hex file...
".\_build\ble_app_hrs.axf" - 0 Errors, 0 Warning(s).
Load "D:\\Nordic\\nrf51822\\Board\\pca10001\\06 s110\\ble_app_hrs\\arm\\_build\\ble_app_hrs.axf" 
Set JLink Project File to "D:\Nordic\nrf51822\Board\pca10001\06 s110\ble_app_hrs\arm\JLinkSettings.ini"
* JLink Info: Device "NRF51822_XXAA" selected (257 KB flash, 16 KB RAM).
 
JLink info:
------------
DLL: V4.92 , compiled Sep 30 2014 09:33:42
Firmware: J-Link OB-SAM3U128 V1 compiled Aug 22 2014 17:25:44
Hardware: V1.00
S/N : 480206133 
 
* JLink Info: Found SWD-DP with ID 0x0BB11477
* JLink Info: Found Cortex-M0 r0p0, Little endian.
* JLink Info: FPUnit: 4 code (BP) slots and 0 literal slots
ROMTableAddr = 0xE00FF003
 
Target info:
------------
Device: nRF51822_xxAA
VTarget = 3.300V
State of Pins: 
TCK: 0, TDI: 0, TDO: 1, TMS: 1, TRES: 1, TRST: 1
Hardware-Breakpoints: 4
Software-Breakpoints: 8192
Watchpoints:          2
JTAG speed: 10000 kHz
 
Erase Done.
Programming Done.
Verify OK.
Application running ...
compiling main.c...
..\main.c(211): warning:  #177-D: variable "err_code" was declared but never referenced
"..\main.c" - 0 Errors, 1 Warning(s).
Build target 'nrf51822_xxaa_s110 (256K)'
linking...
Program Size: Code=16600 RO-data=236 RW-data=316 ZI-data=6836  
FromELF: creating hex file...
".\_build\ble_app_hrs.axf" - 0 Errors, 0 Warning(s).
compiling main.c...
..\main.c(211): warning:  #177-D: variable "err_code" was declared but never referenced
"..\main.c" - 0 Errors, 1 Warning(s).
Build target 'nrf51822_xxaa_s110 (256K)'
linking...
Program Size: Code=16624 RO-data=236 RW-data=316 ZI-data=6836  
FromELF: creating hex file...
".\_build\ble_app_hrs.axf" - 0 Errors, 0 Warning(s).
Rebuild target 'nrf51822_xxaa_s110 (256K)'
assembling arm_startup_nrf51.s...
compiling system_nrf51.c...
compiling main.c...
..\main.c(211): warning:  #177-D: variable "err_code" was declared but never referenced
compiling battery.c...
compiling led.c...
compiling ble_dis.c...
compiling ble_bas.c...
compiling ble_hrs.c...
..\..\..\..\..\Source\ble\ble_services\ble_hrs.c(208): warning:  #177-D: variable "encoded_initial_hrm" was declared but never referenced
..\..\..\..\..\Source\ble\ble_services\ble_hrs.c(139): warning:  #177-D: function "hrm_encode" was declared but never referenced
compiling ble_conn_params.c...
compiling ble_advdata.c...
compiling ble_srv_common.c...
compiling app_timer.c...
compiling softdevice_handler.c...
compiling ble_bondmngr.c...
compiling pstorage.c...
compiling crc16.c...
compiling app_button.c...
compiling app_gpiote.c...
compiling ble_error_log.c...
compiling ble_debug_assert_handler.c...
linking...
Program Size: Code=16624 RO-data=236 RW-data=316 ZI-data=6836  
FromELF: creating hex file...
".\_build\ble_app_hrs.axf" - 0 Errors, 3 Warning(s).
Load "D:\\Nordic\\nrf51822\\Board\\pca10001\\06 s110\\ble_app_hrs\\arm\\_build\\ble_app_hrs.axf" 
Set JLink Project File to "D:\Nordic\nrf51822\Board\pca10001\06 s110\ble_app_hrs\arm\JLinkSettings.ini"
* JLink Info: Device "NRF51822_XXAA" selected (257 KB flash, 16 KB RAM).
 
JLink info:
------------
DLL: V4.92 , compiled Sep 30 2014 09:33:42
Firmware: J-Link OB-SAM3U128 V1 compiled Aug 22 2014 17:25:44
Hardware: V1.00
S/N : 480206133 
 
* JLink Info: Found SWD-DP with ID 0x0BB11477
* JLink Info: Found Cortex-M0 r0p0, Little endian.
* JLink Info: FPUnit: 4 code (BP) slots and 0 literal slots
ROMTableAddr = 0xE00FF003
 
Target info:
------------
Device: nRF51822_xxAA
VTarget = 3.300V
State of Pins: 
TCK: 0, TDI: 0, TDO: 1, TMS: 1, TRES: 1, TRST: 1
Hardware-Breakpoints: 4
Software-Breakpoints: 8192
Watchpoints:          2
JTAG speed: 10000 kHz
 
Erase Done.
Programming Done.
Verify OK.
Application running ...
compiling ble_hrs.c...
..\..\..\..\..\Source\ble\ble_services\ble_hrs.c(208): warning:  #177-D: variable "encoded_initial_hrm" was declared but never referenced
..\..\..\..\..\Source\ble\ble_services\ble_hrs.c(139): warning:  #177-D: function "hrm_encode" was declared but never referenced
"..\..\..\..\..\Source\ble\ble_services\ble_hrs.c" - 0 Errors, 2 Warning(s).
Build target 'nrf51822_xxaa_s110 (256K)'
linking...
Program Size: Code=16624 RO-data=236 RW-data=316 ZI-data=6836  
FromELF: creating hex file...
".\_build\ble_app_hrs.axf" - 0 Errors, 0 Warning(s).
Load "D:\\Nordic\\nrf51822\\Board\\pca10001\\06 s110\\ble_app_hrs\\arm\\_build\\ble_app_hrs.axf" 
Set JLink Project File to "D:\Nordic\nrf51822\Board\pca10001\06 s110\ble_app_hrs\arm\JLinkSettings.ini"
* JLink Info: Device "NRF51822_XXAA" selected (257 KB flash, 16 KB RAM).
 
JLink info:
------------
DLL: V4.92 , compiled Sep 30 2014 09:33:42
Firmware: J-Link OB-SAM3U128 V1 compiled Aug 22 2014 17:25:44
Hardware: V1.00
S/N : 480206133 
 
* JLink Info: Found SWD-DP with ID 0x0BB11477
* JLink Info: Found Cortex-M0 r0p0, Little endian.
* JLink Info: FPUnit: 4 code (BP) slots and 0 literal slots
ROMTableAddr = 0xE00FF003
 
Target info:
------------
Device: nRF51822_xxAA
VTarget = 3.300V
State of Pins: 
TCK: 0, TDI: 0, TDO: 1, TMS: 1, TRES: 1, TRST: 1
Hardware-Breakpoints: 4
Software-Breakpoints: 8192
Watchpoints:          2
JTAG speed: 10000 kHz
 
Erase Done.
Programming Done.
Verify OK.
Application running ...
compiling main.c...
..\main.c(211): warning:  #177-D: variable "err_code" was declared but never referenced
"..\main.c" - 0 Errors, 1 Warning(s).
Build target 'nrf51822_xxaa_s110 (256K)'
linking...
Program Size: Code=16620 RO-data=236 RW-data=316 ZI-data=6836  
FromELF: creating hex file...
".\_build\ble_app_hrs.axf" - 0 Errors, 0 Warning(s).
Load "D:\\Nordic\\nrf51822\\Board\\pca10001\\06 s110\\ble_app_hrs\\arm\\_build\\ble_app_hrs.axf" 
Set JLink Project File to "D:\Nordic\nrf51822\Board\pca10001\06 s110\ble_app_hrs\arm\JLinkSettings.ini"
* JLink Info: Device "NRF51822_XXAA" selected (257 KB flash, 16 KB RAM).
 
JLink info:
------------
DLL: V4.92 , compiled Sep 30 2014 09:33:42
Firmware: J-Link OB-SAM3U128 V1 compiled Aug 22 2014 17:25:44
Hardware: V1.00
S/N : 480206133 
 
* JLink Info: Found SWD-DP with ID 0x0BB11477
* JLink Info: Found Cortex-M0 r0p0, Little endian.
* JLink Info: FPUnit: 4 code (BP) slots and 0 literal slots
ROMTableAddr = 0xE00FF003
 
Target info:
------------
Device: nRF51822_xxAA
VTarget = 3.300V
State of Pins: 
TCK: 0, TDI: 0, TDO: 1, TMS: 1, TRES: 1, TRST: 1
Hardware-Breakpoints: 4
Software-Breakpoints: 8192
Watchpoints:          2
JTAG speed: 10000 kHz
 
Erase Done.
Programming Done.
Verify OK.
Application running ...
Load "D:\\Nordic\\nrf51822\\Board\\pca10001\\06 s110\\ble_app_hrs\\arm\\_build\\ble_app_hrs.axf" 
Set JLink Project File to "D:\Nordic\nrf51822\Board\pca10001\06 s110\ble_app_hrs\arm\JLinkSettings.ini"
* JLink Info: Device "NRF51822_XXAA" selected (257 KB flash, 16 KB RAM).
 
JLink info:
------------
DLL: V4.92 , compiled Sep 30 2014 09:33:42
Firmware: J-Link OB-SAM3U128 V1 compiled Aug 22 2014 17:25:44
Hardware: V1.00
S/N : 480206133 
 
* JLink Info: Found SWD-DP with ID 0x0BB11477
* JLink Info: Found Cortex-M0 r0p0, Little endian.
* JLink Info: FPUnit: 4 code (BP) slots and 0 literal slots
ROMTableAddr = 0xE00FF003
 
Target info:
------------
Device: nRF51822_xxAA
VTarget = 3.300V
State of Pins: 
TCK: 0, TDI: 0, TDO: 1, TMS: 1, TRES: 1, TRST: 1
Hardware-Breakpoints: 4
Software-Breakpoints: 8192
Watchpoints:          2
JTAG speed: 10000 kHz
 
Erase Done.
Programming Done.
Verify OK.
Application running ...
compiling main.c...
..\main.c(211): warning:  #177-D: variable "err_code" was declared but never referenced
"..\main.c" - 0 Errors, 1 Warning(s).
Build target 'nrf51822_xxaa_s110 (256K)'
linking...
Program Size: Code=16620 RO-data=236 RW-data=316 ZI-data=6836  
FromELF: creating hex file...
".\_build\ble_app_hrs.axf" - 0 Errors, 0 Warning(s).
Rebuild target 'nrf51822_xxaa_s110 (256K)'
assembling arm_startup_nrf51.s...
compiling system_nrf51.c...
compiling main.c...
..\main.c(211): warning:  #177-D: variable "err_code" was declared but never referenced
compiling battery.c...
compiling led.c...
compiling ble_dis.c...
compiling ble_bas.c...
compiling ble_hrs.c...
..\..\..\..\..\Source\ble\ble_services\ble_hrs.c(208): warning:  #177-D: variable "encoded_initial_hrm" was declared but never referenced
..\..\..\..\..\Source\ble\ble_services\ble_hrs.c(139): warning:  #177-D: function "hrm_encode" was declared but never referenced
compiling ble_conn_params.c...
compiling ble_advdata.c...
compiling ble_srv_common.c...
compiling app_timer.c...
compiling softdevice_handler.c...
compiling ble_bondmngr.c...
compiling pstorage.c...
compiling crc16.c...
compiling app_button.c...
compiling app_gpiote.c...
compiling ble_error_log.c...
compiling ble_debug_assert_handler.c...
linking...
Program Size: Code=16620 RO-data=236 RW-data=316 ZI-data=6836  
FromELF: creating hex file...
".\_build\ble_app_hrs.axf" - 0 Errors, 3 Warning(s).
compiling main.c...
..\main.c(211): warning:  #177-D: variable "err_code" was declared but never referenced
"..\main.c" - 0 Errors, 1 Warning(s).
Build target 'nrf51822_xxaa_s110 (256K)'
linking...
Program Size: Code=16628 RO-data=236 RW-data=316 ZI-data=6836  
FromELF: creating hex file...
".\_build\ble_app_hrs.axf" - 0 Errors, 0 Warning(s).
Load "D:\\Nordic\\nrf51822\\Board\\pca10001\\06 s110\\ble_app_hrs\\arm\\_build\\ble_app_hrs.axf" 
compiling main.c...
..\main.c(211): warning:  #177-D: variable "err_code" was declared but never referenced
"..\main.c" - 0 Errors, 1 Warning(s).
Build target 'nrf51822_xxaa_s110 (256K)'
linking...
Program Size: Code=16628 RO-data=236 RW-data=316 ZI-data=6836  
FromELF: creating hex file...
".\_build\ble_app_hrs.axf" - 0 Errors, 0 Warning(s).
Load "D:\\Nordic\\nrf51822\\Board\\pca10001\\06 s110\\ble_app_hrs\\arm\\_build\\ble_app_hrs.axf" 
Set JLink Project File to "D:\Nordic\nrf51822\Board\pca10001\06 s110\ble_app_hrs\arm\JLinkSettings.ini"
* JLink Info: Device "NRF51822_XXAA" selected (257 KB flash, 16 KB RAM).
 
JLink info:
------------
DLL: V4.92 , compiled Sep 30 2014 09:33:42
Firmware: J-Link OB-SAM3U128 V1 compiled Aug 22 2014 17:25:44
Hardware: V1.00
S/N : 480206133 
 
* JLink Info: Found SWD-DP with ID 0x0BB11477
* JLink Info: Found Cortex-M0 r0p0, Little endian.
* JLink Info: FPUnit: 4 code (BP) slots and 0 literal slots
ROMTableAddr = 0xE00FF003
 
Target info:
------------
Device: nRF51822_xxAA
VTarget = 3.300V
State of Pins: 
TCK: 0, TDI: 0, TDO: 1, TMS: 1, TRES: 1, TRST: 1
Hardware-Breakpoints: 4
Software-Breakpoints: 8192
Watchpoints:          2
JTAG speed: 10000 kHz
 
Erase Done.
Programming Done.
Verify OK.
Application running ...
compiling main.c...
..\main.c(211): warning:  #177-D: variable "err_code" was declared but never referenced
"..\main.c" - 0 Errors, 1 Warning(s).
Build target 'nrf51822_xxaa_s110 (256K)'
linking...
Program Size: Code=16620 RO-data=236 RW-data=316 ZI-data=6836  
FromELF: creating hex file...
".\_build\ble_app_hrs.axf" - 0 Errors, 0 Warning(s).
Rebuild target 'nrf51822_xxaa_s110 (256K)'
assembling arm_startup_nrf51.s...
compiling system_nrf51.c...
compiling main.c...
..\main.c(211): warning:  #177-D: variable "err_code" was declared but never referenced
compiling battery.c...
compiling led.c...
compiling ble_dis.c...
compiling ble_bas.c...
compiling ble_hrs.c...
..\..\..\..\..\Source\ble\ble_services\ble_hrs.c(208): warning:  #177-D: variable "encoded_initial_hrm" was declared but never referenced
..\..\..\..\..\Source\ble\ble_services\ble_hrs.c(139): warning:  #177-D: function "hrm_encode" was declared but never referenced
compiling ble_conn_params.c...
compiling ble_advdata.c...
compiling ble_srv_common.c...
compiling app_timer.c...
compiling softdevice_handler.c...
compiling ble_bondmngr.c...
compiling pstorage.c...
compiling crc16.c...
compiling app_button.c...
compiling app_gpiote.c...
compiling ble_error_log.c...
compiling ble_debug_assert_handler.c...
linking...
Program Size: Code=16620 RO-data=236 RW-data=316 ZI-data=6836  
FromELF: creating hex file...
".\_build\ble_app_hrs.axf" - 0 Errors, 3 Warning(s).
Load "D:\\Nordic\\nrf51822\\Board\\pca10001\\06 s110\\ble_app_hrs\\arm\\_build\\ble_app_hrs.axf" 
Set JLink Project File to "D:\Nordic\nrf51822\Board\pca10001\06 s110\ble_app_hrs\arm\JLinkSettings.ini"
* JLink Info: Device "NRF51822_XXAA" selected (257 KB flash, 16 KB RAM).
 
JLink info:
------------
DLL: V4.92 , compiled Sep 30 2014 09:33:42
Firmware: J-Link OB-SAM3U128 V1 compiled Aug 22 2014 17:25:44
Hardware: V1.00
S/N : 480206133 
 
* JLink Info: Found SWD-DP with ID 0x0BB11477
* JLink Info: Found Cortex-M0 r0p0, Little endian.
* JLink Info: FPUnit: 4 code (BP) slots and 0 literal slots
ROMTableAddr = 0xE00FF003
 
Target info:
------------
Device: nRF51822_xxAA
VTarget = 3.300V
State of Pins: 
TCK: 0, TDI: 0, TDO: 1, TMS: 1, TRES: 1, TRST: 1
Hardware-Breakpoints: 4
Software-Breakpoints: 8192
Watchpoints:          2
JTAG speed: 10000 kHz
 
Erase Done.
Programming Done.
Verify OK.
Application running ...
compiling main.c...
..\main.c(211): warning:  #177-D: variable "err_code" was declared but never referenced
"..\main.c" - 0 Errors, 1 Warning(s).
compiling main.c...
..\main.c(211): warning:  #177-D: variable "err_code" was declared but never referenced
"..\main.c" - 0 Errors, 1 Warning(s).
Build target 'nrf51822_xxaa_s110 (256K)'
linking...
Program Size: Code=16656 RO-data=236 RW-data=316 ZI-data=6836  
FromELF: creating hex file...
".\_build\ble_app_hrs.axf" - 0 Errors, 0 Warning(s).
Build target 'nrf51822_xxaa_s110 (256K)'
linking...
Program Size: Code=16656 RO-data=236 RW-data=316 ZI-data=6836  
FromELF: creating hex file...
".\_build\ble_app_hrs.axf" - 0 Errors, 0 Warning(s).
Rebuild target 'nrf51822_xxaa_s110 (256K)'
assembling arm_startup_nrf51.s...
compiling system_nrf51.c...
compiling main.c...
..\main.c(211): warning:  #177-D: variable "err_code" was declared but never referenced
compiling battery.c...
compiling led.c...
compiling ble_dis.c...
compiling ble_bas.c...
compiling ble_hrs.c...
..\..\..\..\..\Source\ble\ble_services\ble_hrs.c(208): warning:  #177-D: variable "encoded_initial_hrm" was declared but never referenced
..\..\..\..\..\Source\ble\ble_services\ble_hrs.c(139): warning:  #177-D: function "hrm_encode" was declared but never referenced
compiling ble_conn_params.c...
compiling ble_advdata.c...
compiling ble_srv_common.c...
compiling app_timer.c...
compiling softdevice_handler.c...
compiling ble_bondmngr.c...
compiling pstorage.c...
compiling crc16.c...
compiling app_button.c...
compiling app_gpiote.c...
compiling ble_error_log.c...
compiling ble_debug_assert_handler.c...
linking...
Program Size: Code=16656 RO-data=236 RW-data=316 ZI-data=6836  
FromELF: creating hex file...
".\_build\ble_app_hrs.axf" - 0 Errors, 3 Warning(s).
